[    0.000000] Initializing cgroup subsys cpuset
[    0.000000] Initializing cgroup subsys cpu
[    0.000000] Initializin croup ubss cpuact
[    0.000000] Linux version 4.4.0-154-generic (buildd@lgw01-amd64-049) (gcc version 5.4.0 20160609 (Ubuntu 5.4.0-6ubuntu1~16.04.10) ) #181-Ubuntu SMP Tue Jun 25 05:29:03 UTC 2019 (Ubuntu 4.4.0-154.181-generic 4.4.179)
[    0.000000] Command line: BOOT_IMAGE=/boot/vmlinuz-4.4.0-154-generic root=LABEL=cloudimg-rootfs ro console=tty1 console=ttyS0
[    0.000000] KERNEL supported cpus:
[    0.000000]   Intel GenuineIntel
[    0.000000]   AMD AuthenticAMD
[    0.000000]   Centaur CentaurHauls
[    0.000000] x86/fpu: Legacy x87 FPU detected.
[    0.000000] e820: BIOS-provided physical RAM map:
[    0.000000] BIOS-e820: [mem 0x0000000000000000-0x000000000009fbff] usable
[    0.000000] BIOS-e820: [mem 0x000000000009fc00-0x000000000009ffff] reserved
[    0.000000] BIOS-e820: [mem 0x00000000000f0000-0x00000000000fffff] reserved
[    0.000000] BIOS-e820: [mem 0x0000000000100000-0x000000003ffeffff] usable
[    0.000000] BIOS-e820: [mem 0x0000003ff00000x000000003fffffff] ACPI data
[    0.000000] BIOS-e820: [mem 0x00000000fec00000-0x00000000fec00fff] reserved
[    0.000000] BIOS-e820: [mem 0x00000000fee00000-0x00000000fee00fff] reserved
[    0.000000] BIOS-e820: [mem 0x00000000fffc0000-0x00000000ffffffff] reserved
[    0.000000] NX (Execute Disable) protection: active
[    0.000000] SMBIOS 2.5 present.
[    0.000000] Hypervisor detected: KVM
[    0.000000] e820: last_pfn = 0x3fff0 max_rch_pfn = 0x400000000
[    0.000000] MTRR: Disabled
[    0.000000] x86/PAT: MTRRs disabled, skipping PAT initialization too.
[    0.000000] CPU MTRRs all blank - virtualzed system.
[    0.000000] x86/PAT: Configuration [0-7]: WB  WT  UC- UC  WB  WT  UC UC  
[    .000000] found SMP MP-table at [mem 0x0009fff0-0x0009ffff] mapped at [ffff88000009fff0]
[    0.000000] Scanning 1 areas for low memory corruption
[    0000000] RAMDISK: [mem 0x362fa000-0x37174fff]
[    0.000000] ACPI: Early table checksum verification disabled
[    0.000000] ACPI: RSDP 0x00000000000E0000 000024 (v02 VBOX  )
[    0.000000] ACPI: XSDT 0x000000003FFF0030 00003C (v01 VBOX   VBOXXSDT 00000001 ASL  0000061)
[    0.000000] ACPI: FACP 0x000000003FFF00F0 0000F4 (v04 VBX   VBOXFACP 00000001 ASL  00000061)
[    0.000000] ACPI: DSDT 0x000000003FFF0470 0021FF (v02 VBOX   VBOXBIOS 00000002 INTL 20180105)
[    0.000000] ACPI: FACS 0x000000003FFF0200 000040
[    0.000000] ACPI: FACS 0x000000003FFF0200 000040
[    0.000000] ACPI: APIC 0x000000003FFF0240 00005C (v02 VBOX   VBOXAPIC 00000001 ASL  00000061)
[    0.000000] ACPI: SSDT 0x000000003FFF02A0 0001CC (v01 VBOX   VBOXCPUT 00000002 INTL 20180105)
[    0.000000] No NUMA configuration found
[   0.00000 Faknga node at [mem 0x0000000000000000-0x000000003ffeffff]
[    0.000000] NODE_DATA(0) allocated [mem 0x3ffeb000-0x3ffeffff]
[    0.000000] kvm-clok: Using msrs 4b564d01 and 4b564d00
[    0.000000] kvm-clock: cpu 0, msr 0:3ffe3001, primary cpu clock
[    0.000000] kvm-clock: using sched offset of 4965468357 cycles
[    0.000000] clocksource: kvm-clock: mask: 0xffffffffffffffff max_cycles: 0x1cd42e4dffb, max_idle_ns: 881590591483 ns
[    0.000000] Zone ranges:
[    0.000000]   DMA      [mem 0x0000000000001000-0x0000000000ffffff]
[    0.000000]   DMA32    [mem 0x0000000001000000-0x000000003ffeffff]
[    0.000000]   Normal   empty
[    0.000000]   Device   empty
[    0.000000] Movable zone start for each node
[    0.000000] Early memory node ranges
[    0.000000]   node   0: [mem 0x00000000000000-0x000000000009efff]
[    0.00000  nod   0: [mem 0x0000000000100000-0x000000003ffeffff]
[    0.000000] Initmem setup node 0 [mem 0x0000000000001000-0x000000003ffeffff]
[    0.000000] ACPI: PM-Tier IO Port: 0x4008
[    0.000000] IOAPIC[0]: apic_id 2, version 32, addrss 0xfec00000, GSI 0-23
[    0.000000] ACPI: INT_SR_OVR (bus 0 bus_irq 0 global_irq 2 dfl dfl)
[    0.000000] ACPI: INT_SRC_OVR (bus 0 bus_irq 9 global_irq 9 low level)
[    0.000000] Using ACPI (MADT) for SMP configuration information
[    0.00000] smpoo: Allowing 2 CPUs, 0hotlug CPs
    0.000000]PM: Registered nosave memory: [mem 0x00000000-0x00000fff]
[    0.000000] PM: Registered nosave memory: [mem 0x0009f000-0x0009ffff]
[    0.000000] PM: Registered nosave memory: [mem 0x000a0000-0x000effff]
[    0.000000] PM: Registered nosave memory: [mem 0x000f0000-0x000fffff]
[    0.000000] e820: [mem 0x40000000-0xfebfffff] available for PCI devices
[    0.000000] Booting paravirtualized kernel on KVM
[    0.000000] clocksource: refined-jiffies: mask: 0xffffffff max_cycles: 0xffffffff, max_idl_ns: 76455960021156 ns
[    0.000000] setup_percpu: NR_CPUS:512 nr_cpumask_bits:512 nr_cpu_ids:2 nr_node_ids:1
[    0.000000] PERCPU: Embedded 34 pages/cpu @ffff88003fc00000 s99480 r8192 d31592 u1048576
[    0.000000] Built 1 zonelists in Node order, mobility grouping on.  Total pages: 257912
[    0.000000] Policy zone: DMA32
[    0.000000] Kernel command line: BOOT_IMAGE=/boot/vmlinuz-4.4.0-154-generic root=LABEL=cloudimg-rootfs ro console=tty1 console=ttyS0
[    0.000000] PID hash table entries: 4096 (order: 3, 32768 bytes)
[    0.000000] Memory: 997732K/1048120K available (8613K kernel code, 1335K rwdata, 4028K rodata, 1484K init, 1284K bss, 50388K reserved, 0K cma-reserved)
[    0.000000] SLUB: HWalign=64, Order=0-3, MinObjects=0, CPUs=2, Nodes=1
[    0.000000] Kernel/User page tables isolation: enabled
[    0.000000] Hierarchical RCU implementation.
[    0.000000] 	Build-time adjustment of leaf fanout to 64.
[    0.000000] 	RCU restricting CPUs from NR_CPUS=512 to nr_cpuids=2.
[   0.00000] RU: Adjusting geometry for rcu_fanout_leaf=64, nr_cpu_ids=2
[    0.000000] NR_IRQS:33024 nr_irqs:440 16
[    0.000000] Console: colour VGA+ 80x25
[    0.000000] console [tty1] enabled
[    0.000000] console [ttyS0] enabled
[    0.000000] tsc: Detected 2992.498 MHz processor
[    9.035898] Calibrating delay loop (skipped) preset value.. 5984.99 BogoMIPS (lpj=11969992)
[    9.049798] pid_max: default: 32768 minimum: 301
[    9.051374] ACPI: Core revision 20150930
[    9.104269] ACPI: 2 ACPI AML tables successfully acquired and loaded
[    9.106472] Security Framework initialized
[    9.163056] Yama: becoming mindful.
[    9.243436] AppArmor: AppArmor initialized
[    9.245058] Dentry cache hash table entries: 131072 (order: 8, 1048576 bytes)
[    9.279722] Inode-cache hash table entries: 65536 (order: 7, 524288 bytes)
[    9.282063] Mount-cache hash table entries: 2048 (order: 2, 16384 bytes)
[    9.294696] Mountpoint-cache hash table entries: 2048 (order: 2, 16384 bytes)
[    9.350778] Initializing cgroup subsys io
[    9.438843] Initializing cgroup subsys memory
[    9.543128] Initializing cgroup subsys devices
[    9.619060] Initializing cgroup subsys freezer
[    9.690886] Initializing cgroup subsys net_cls
[    9.768264] Initializing cgroup subsys perf_event
[    9.859172] Initializing cgroup subsys net_prio
[    9.860718] Initializing cgroup subsys hugetlb
[    9.907144] Initializing cgroup subsys pids
[    9.908727] mce: CPU supports 0 MCE banks
[    9.969810] Last level iTLB entries: 4KB 128, 2MB 4, 4MB 4
[    9.971576] Last level dTLB entries: 4KB 256, 2MB 0, 4MB 32, 1GB 0
[   10.018805] Spectre V2 : Mitigation: Full generic retpoline
[   10.035745] Spectre V2 : Spectre v2 / SpectreRSB mitigation: Filling RSB on context switch
[   10.103662] Speculative Store Bypass: Vulnerable
[   10.115967] MDS: Vulnerable: Clear CPU buffers attempted, no microcode
[   10.121535] Freeing SMP alternatives memory: 36K
[   10.174684] ftrace: allocating 32299 entries in 127 pages
[   10.245323] smpboot: APIC(0) Converting physical 0 to logical package 0
[   10.395231] smpboot: Max logical packages: 1
[   10.408217] x2apic enabled
[   10.409927] Switched APIC routing to physical x2apic.
[   10.445788] ..TIMER: vector=0x30 apic1=0 pin1=2 apic2=-1 pin2=-1
[   10.622166] smpboot: CPU0: Intel(R) Core(TM)2 Duo CPU     E8400  @ 3.00GHz (family: 0x6, model: 0x17, stepping: 0xa)
[   10.629902] Performance Events: unsupported p6 CPU model 23 no PMU driver, software events only.
[   10.736032] KVM setup paravirtual spinlock
[   10.817977] x86: Booting SMP configuration:
[   10.899475] .... node  #0, CPUs:      #1
[   10.976734] kvm-clock: cpu 1, msr 0:3ffe3041, secondary cpu clock
[   11.137554] mce: CPU supports 0 MCE banks
[   11.271065] x86: Booted up 1 node, 2 CPUs
[   11.316139] smpboot: Total of 2 processors activated (11969.99 BogoMIPS)
[   11.383782] devtmpfs: initialized
[   11.388860] evm: security.selinux
[   11.428334] evm: security.SMACK64
[   11.459481] evm: security.SMACK64EXEC
[   11.509897] evm: security.SMACK64TRANSMUTE
[   11.552373] evm: security.SMACK64MMAP
[   11.607788] evm: security.ima
[   11.645955] evm: security.capability
[   11.691759] clocksource: jiffies: mask: 0xffffffff max_cycles: 0xffffffff, max_idle_ns: 7645041785100000 ns
[   11.889816] futex hash table entries: 512 (order: 3, 32768 bytes)
[   12.018354] pinctrl core: initialized pinctrl subsystem
[   12.089455] RTC time: 17:25:42, date: 08/22/19
[   12.145269] NET: Registered protocol family 16
[   12.206992] cpuidle: using governor ladder
[   12.255108] cpuidle: using governor menu
[   12.309733] PCCT header not found.
[   12.346504] ACPI: bus type PCI registered
[   12.402039] acpiphp: ACPI Hot Plug PCI Controller Driver version: 0.5
[   12.475770] PCI: Using configuration type 1 for base access
[   12.559812] ACPI: Added _OSI(Module Device)
[   12.611952] ACPI: Added _OSI(Processor Device)
[   12.670020] ACPI: Added _OSI(3.0 _SCP Extensions)
[   12.733266] ACPI: Added _OSI(Processor Aggregator Device)
[   12.824818] ACPI: Executed 1 blocks of module-level executable AML code
[   12.961962] ACPI: Interpreter enabled
[   13.027715] ACPI: (supports S0 S5)
[   13.102178] ACPI: Using IOAPIC for interrupt routing
[   13.127080] PCI: Using host bridge windows from ACPI; if necessary, use "pci=nocrs" and report a bug
[   13.149166] ACPI: PCI Root Bridge [PCI0] (domain 0000 [bus 00-ff])
[   13.195910] acpi PNP0A03:00: _OSC: OS supports [ASPM ClockPM Segments MSI]
[   13.313463] acpi PNP0A03:00: _OSC: not requesting OS control; OS requires [ExtendedConfig ASPM ClockPM MSI]
[   13.428471] acpi PNP0A03:00: fail to add MMCONFIG information, can't access extended PCI configuration space under this bridge.
[   13.584449] PCI host bridge to bus 0000:00
[   13.644463] pci_bus 0000:00: root bus resource [io  0x0000-0x0cf7 window]
[   13.738189] pci_bus 0000:00: root bus resource [io  0x0d00-0xffff window]
[   13.779977] pci_bus 0000:00: root bus resource [mem 0x000a0000-0x000bffff window]
[   13.871822] pci_bus 0000:00: root bus resource [mem 0x40000000-0xfdffffff window]
[   14.005174] pci_bus 0000:00: root bus resource [bus 00-ff]
[   14.119718] pci 0000:00:01.1: legacy IDE quirk: reg 0x10: [io  0x01f0-0x01f7]
[   14.241727] pci 0000:00:01.1: legacy IDE quirk: reg 0x14: [io  0x03f6]
[   14.243728] pci 0000:00:01.1: legacy IDE quirk: reg 0x18: [io  0x0170-0x0177]
[   14.245854] pci 0000:00:01.1: legacy IDE quirk: reg 0x1c: [io  0x0376]
[   14.291422] pci 0000:00:07.0: quirk: [io  0x4000-0x403f] claimed by PIIX4 ACPI
[   14.302508] pci 0000:00:07.0: quirk: [io  0x4100-0x410f] claimed by PIIX4 SMB
[   14.315597] ACPI: PCI Interrupt Link [LNKA] (IRQs 5 9 10 *11)
[   14.321002] ACPI: PCI Interrupt Link [LNKB] (IRQs 5 9 *10 11)
[   14.325178] ACPI: PCI Interrupt Link [LNKC] (IRQs 5 *9 10 11)
[   14.332548] ACPI: PCI Interrupt Link [LNKD] (IRQs 5 9 10 *11)
[   14.397788] ACPI: Enabled 2 GPEs in block 00 to 07
[   14.482573] vgaarb: setting as boot device: PCI:0000:00:02.0
[   14.559263] vgaarb: device added: PCI:0000:00:02.0,decodes=io+mem,owns=io+mem,locks=none
[   14.645945] vgaarb: loaded
[   14.680036] vgaarb: bridge control possible 0000:00:02.0
[   14.760980] SCSI subsystem initialized
[   14.798090] ACPI: bus type USB registered
[   14.850049] usbcore: registered new interface driver usbfs
[   14.913939] usbcore: registered new interface driver hub
[   14.980845] usbcore: registered new device driver usb
[   15.066394] PCI: Using ACPI for IRQ routing
[   15.146504] NetLabel: Initializing
[   15.212969] NetLabel:  domain hash size = 128
[   15.284466] NetLabel:  protocols = UNLABELED CIPSOv4
[   15.296456] NetLabel:  unlabeled traffic allowed by default
[   15.300305] amd_nb: Cannot enumerate AMD northbridges
[   15.303567] clocksource: Switched to clocksource kvm-clock
[   15263]ppmo AArm Fisytem nabd
   15.927042] pnp: PnP ACPI init
[  16.612 pp:nP PI:oun3 dice

[   16.605970] clocksource: acpi_pm: mask: 0xffffff max_cycles: 0xffffff, max_idle_ns: 2085701024 ns
[   17.010719] NET: Registered protocol family 2
[   17.050367] TCP established hash table entries: 8192 (order: 4, 65536 bytes)
[   17.130237] TCP bind hash table entries: 8192 (order: 5, 131072 bytes)
[   17.170272] TCP: Hash tables configured (established 8192 bind 8192)
[   17.240195] UDP hash table entries: 512 (order: 2, 16384 bytes)
[   17.315723] UDP-Lite hash table entries: 512 (order: 2, 16384 bytes)
[   17.550161] NET: Registered protocol family 1
[   17.779861] pci 0000:00:00.0: Limiting direct PCI/PCI transfers
[   17.960283] pci 0000:00:01.0: Activating ISA DMA hang workarounds
[   18.010683] Unpacking initramfs...
[   18.313496] Freeing initrd memory: 14828K
[   18.330733] clocksource: tsc: mask: 0xffffffffffffffff max_cycles: 0x2b2296bc2b9, max_idle_ns: 440795321505 ns
[   18.350972] platform rtc_cmos: registered platform RTC device (no PNP device found)
[   18.370692] Scanning for low memory corruption every 60 seconds
[   18.630552] audit: initializing netlink subsys (disabled)
[   18.820142] audit: type=2000 audit(1566494740.781:1): initialized
[   19.100568] Initialise system trusted keyring
[   19.290225] HugeTLB registered 2 MB page size, pre-allocated 0 pages
[   19.512995] zbud: loaded
[   19.515531] VFS: Disk quotas dquot_6.6.0
[   19.518534] VFS: Dquot-cache hash table entries: 512 (order 0, 4096 bytes)
[   19.523648] squashfs: version 4.0 (2009/01/31) Phillip Lougher
[   19.528235] fuse init (API version 7.23)
[   19.531438] Key type big_key registered
[   19.534400] Allocating IMA MOK and blacklist keyrings.
[   19.540114] Key type asymmetric registered
[   19.543405] Asymmetric key parser 'x509' registered
[   19.547025] Block layer SCSI generic (bsg) driver version 0.4 loaded (major 249)
[   19.552703] io scheduler noop registered
[   19.555628] io scheduler deadline registered (default)
[   19.559422] io scheduler cfq registered
[   19.562615] pci_hotplug: PCI Hot Plug PCI Core version: 0.5
[   19.566595] pciehp: PCI Express Hot Plug Controller Driver version: 0.4
[   19.571438] ACPI: AC Adapter [AC] (on-line)
[   19.574673] input: Power Button as /devices/LNXSYSTM:00/LNXPWRBN:00/input/input0
[   19.580454] ACPI: Power Button [PWRF]
[   19.583562] input: Sleep Button as /devices/LNXSYSTM:00/LNXSLPBN:00/input/input1
[   19.590031] ACPI: Sleep Button [SLPF]
[   19.593210] GHES: HEST is not enabled!
[   19.595182] Serial: 8250/16550 driver, 32 ports, IRQ sharing enabled
[   19.733166] 00:02: ttyS0 at I/O 0x3f8 (irq = 4, base_baud = 115200) is a 16550A
[   20.142392] Linux agpgart interface v0.103
[   20.402194] loop: module loaded
[   20.540716] scsi host0: ata_piix
[   20.697397] scsi host1: ata_piix
[   20.900042] ata1: PATA max UDMA/33 cmd 0x1f0 ctl 0x3f6 bmdma 0xd000 irq 14
[   21.210111] ata2: PATA max UDMA/33 cmd 0x170 ctl 0x376 bmdma 0xd008 irq 15
[   21.510210] libphy: Fixed MDIO Bus: probed
[   21.709906] tun: Universal TUN/TAP device driver, 1.6
[   21.929908] tun: (C) 1999-2004 Max Krasnyansky <maxk@qualcomm.com>
[   22.270038] PPP generic driver version 2.4.2
[   22.459961] ehci_hcd: USB 2.0 'Enhanced' Host Controller (EHCI) Driver
[   22.600400] ehci-pci: EHCI PCI platform driver
[   22.629912] ehci-platform: EHCI generic platform driver
[   22.690028] ohci_hcd: USB 1.1 'Open' Host Controller (OHCI) Driver
[   22.730474] ohci-pci: OHCI PCI platform driver
[   22.780135] ohci-platform: OHCI generic platform driver
[   23.050128] uhci_hcd: USB Universal Host Controller Interface driver
[   23.300279] i8042: PNP: PS/2 Controller [PNP0303:PS2K,PNP0f03:PS2M] at 0x60,0x64 irq 1,12
[   23.691301] serio: i8042 KBD port at 0x60,0x64 irq 1
[   23.909979] serio: i8042 AUX port at 0x60,0x64 irq 12
[   23.940150] mousedev: PS/2 mouse device common for all mice
[   23.994347] input: AT Translated Set 2 keyboard as /devices/platform/i8042/serio0/input/input2
[   23.998717] rtc_cmos rtc_cmos: rtc core: registered rtc_cmos as rtc0
[   24.018957] rtc_cmos rtc_cmos: alarms up to one day, 114 bytes nvram
[   24.030131] i2c /dev entries driver
[   24.033206] device-mapper: uevent: version 1.0.3
[   24.037103] device-mapper: ioctl: 4.34.0-ioctl (2015-10-28) initialised: dm-devel@redhat.com
[   24.054945] ledtrig-cpu: registered to indicate activity on CPUs
[   24.061071] NET: Registered protocol family 10
[   24.064899] NET: Registered protocol family 17
[   24.069126] Key type dns_resolver registered
[   24.073102] registered taskstats version 1
[   24.076313] Loading compiled-in X.509 certificates
[   24.080337] Loaded X.509 cert 'Build time autogenerated kernel key: 65139e04a67245b562a838c28b5e7032abdd4348'
[   24.086809] zswap: loaded using pool lzo/zbud
[   24.105210] Key type trusted registered
[   24.147343] Key type encrypted registered
[   24.249898] AppArmor: AppArmor sha1 policy hashing enabled
[   24.480163] ima: No TPM chip found, activating TPM-bypass!
[   24.740163] ima: Allocated hash algorithm: sha1
[   24.940106] evm: HMAC attrs: 0x1
[   25.070270]   Magic number: 15:842:441
[   25.210023] rtc_cmos rtc_cmos: setting system clock to 2019-08-22 17:25:55 UTC (1566494755)
[   25.610796] BIOS EDD facility v0.16 2004-Jun-25, 0 devices found
[   25.799947] EDD information not available.
[   25.845179] Freeing unused kernel memory: 1484K
[   26.015617] Write protecting the kernel read-only data: 14336k
[   26.037019] Freeing unused kernel memory: 1616K
[   26.052149] Freeing unused kernel memory: 68K
Loading, please wait...
starting version 229
[   26.286170] random: systemd-udevd: uninitialized urandom read (16 bytes read, 4 bits of entropy available)
[   26.296433] random: udevadm: uninitialized urandom read (16 bytes read, 4 bits of entropy available)
[   26.296600] random: udevadm: uninitialized urandom read (16 bytes read, 4 bits of entropy available)
[   26.319449] random: systemd-udevd: uninitialized urandom read (16 bytes read, 4 bits of entropy available)
[   26.328715] random: systemd-udevd: uninitialized urandom read (16 bytes read, 4 bits of entropy available)
[   26.337159] random: systemd-udevd: uninitialized urandom read (16 bytes read, 4 bits of entropy available)
[   26.384223] random: systemd-udevd: uninitialized urandom read (16 bytes read, 4 bits of entropy available)
[   26.392969] random: systemd-udevd: uninitialized urandom read (16 bytes read, 4 bits of entropy available)
[   26.401748] random: systemd-udevd: uninitialized urandom read (16 bytes read, 4 bits of entropy available)
[   26.412780] random: udevadm: uninitialized urandom read (16 bytes read, 4 bits of entropy available)
[   27.153687] Fusion MPT base driver 3.04.20
[   27.157109] Copyright (c) 1999-2008 LSI Corporation
[   27.162622] e1000: Intel(R) PRO/1000 Network Driver - version 7.3.21-k8-NAPI
[   27.167993] e1000: Copyright (c) 1999-2006 Intel Corporation.
[   27.225195] Fusion MPT SPI Host driver 3.04.20
[   27.386994] input: ImExPS/2 Generic Explorer Mouse as /devices/platform/i8042/serio1/input/input4
[   27.715792] e1000 0000:00:03.0 eth0: (PCI:33MHz:32-bit) 02:1e:e5:6d:71:21
[   28.160214] e1000 0000:00:03.0 eth0: Intel(R) PRO/1000 Network Connection
[   28.581769] mptbase: ioc0: Initiating bringup
[   28.584187] e1000 0000:00:03.0 enp0s3: renamed from eth0
[   28.659359] ioc0: LSI53C1030 A0: Capabilities={Initiator}
[   30.346572] scsi host2: ioc0: LSI53C1030 A0, FwRev=00000000h, Ports=1, MaxQ=256, IRQ=20
[   31.475608] scsi 2:0:0:0: Direct-Access     VBOX     HARDDISK         1.0  PQ: 0 ANSI: 5
[   32.163031] scsi target2:0:0: Beginning Domain Validation
[   32.249669] scsi target2:0:0: Domain Validation skipping write tests
[   32.296980] scsi target2:0:0: Ending Domain Validation
[   32.316732] scsi target2:0:0: asynchronous
[   32.319908] scsi 2:0:1:0: Direct-Access     VBOX     HARDDISK         1.0  PQ: 0 ANSI: 5
[   32.412371] scsi target2:0:1: Beginning Domain Validation
[   33.190978] scsi target2:0:1: Domain Validation skipping write tests
[   33.295469] scsi target2:0:1: Ending Domain Validation
[   33.298888] scsi target2:0:1: asynchronous
[   33.398298] sd 2:0:0:0: [sda] 20971520 512-byte logical blocks: (10.7 GB/10.0 GiB)
[   33.404604] sd 2:0:0:0: Attached scsi generic sg0 type 0
[   33.422125] sd 2:0:0:0: [sda] Write Protect is off
[   33.427574] sd 2:0:0:0: [sda] Incomplete mode parameter data
[   33.430697] sd 2:0:0:0: [sda] Assuming drive cache: write through
[   33.433608] sd 2:0:1:0: Attached scsi generic sg1 type 0
[   33.433679] sd 2:0:1:0: [sdb] 20480 512-byte logical blocks: (10.5 MB/10.0 MiB)
[   33.434091] sd 2:0:1:0: [sdb] Write Protect is off
[   33.434204] sd 2:0:1:0: [sdb] Incomplete mode parameter data
[   33.434205] sd 2:0:1:0: [sdb] Assuming drive cache: write through
[   33.461237] sd 2:0:1:0: [sdb] Attached SCSI disk
[   35.042525]  sda: sda1
[   35.170580] sd 2:0:0:0: [sda] Attached SCSI disk
Begin: Loading essential drivers ... [   37.712003] md: linear personality registered for level -1
[   37.767595] md: multipath personality registered for level -4
[   37.799394] md: raid0 personality registered for level 0
[   38.081354] md: raid1 personality registered for level 1
[   38.179590] raid6: sse2x1   gen()  4558 MB/s
[   38.255643] raid6: sse2x1   xor()  4705 MB/s
[   38.323615] raid6: sse2x2   gen()  5159 MB/s
[   38.407582] raid6: sse2x2   xor()  5991 MB/s
[   38.479585] raid6: sse2x4   gen()  8654 MB/s
[   38.559148] raid6: sse2x4   xor()  7049 MB/s
[   38.589768] raid6: using algorithm sse2x4 gen() 8654 MB/s
[   38.607696] raid6: .... xor() 7049 MB/s, rmw enabled
[   38.611276] raid6: using ssse3x2 recovery algorithm
[   38.623764] xor: measuring software checksum speed
[   38.888956]    prefetch64-sse: 29673.000 MB/sec
[   39.188956]    generic_sse: 25775.000 MB/sec
[   39.420044] xor: using function: prefetch64-sse (29673.000 MB/sec)
[   39.672509] async_tx: api initialized (async)
[   39.770879] md: raid6 personality registered for level 6
[   39.775685] md: raid5 personality registered for level 5
[   39.780225] md: raid4 personality registered for level 4
[   39.845254] md: raid10 personality registered for level 10
done.
Begin: Running /scripts/init-premount ... done.
Begin: Mounting root file system ... Begin: Running /scripts/local-top ... done.
Begin: Running /scripts/local-premount ... [   40.056411] Btrfs loaded
Scanning for Btrfs filesystems
done.
Warning: fsck not present, so skipping root file system
[   40.429597] EXT4-fs (sda1): mounted filesystem with ordered data mode. Opts: (null)
done.
Begin: Running /scripts/local-bottom ... done.
Begin: Running /scripts/init-bottom ... done.
[   41.460696] random: nonblocking pool is initialized
[   41.828661] systemd[1]: systemd 229 running in system mode. (+PAM +AUDIT +SELINUX +IMA +APPARMOR +SMACK +SYSVINIT +UTMP +LIBCRYPTSETUP +GCRYPT +GNUTLS +ACL +XZ -LZ4 +SECCOMP +BLKID +ELFUTILS +KMOD -IDN)
[   41.909741] systemd[1]: Detected virtualization oracle.
[   41.914122] systemd[1]: Detected architecture x86-64.

Welcome to [1mUbuntu 16.04.6 LTS[0m!

[   41.980859] systemd[1]: Set hostname to <ubuntu>.
[   42.215077] systemd[1]: Initializing machine ID from random generator.
[   42.510257] systemd[1]: Installed transient /etc/machine-id file.
[   43.620216] systemd[1]: Listening on Journal Audit Socket.
[[0;32m  OK  [0m] Listening on Journal Audit Socket.
[   43.930522] systemd[1]: Reached target Encrypted Volumes.
[[0;32m  OK  [0m] Reached target Encrypted Volumes.
[   44.189765] systemd[1]: Listening on LVM2 poll daemon socket.
[[0;32m  OK  [0m] Listening on LVM2 poll daemon socket.
[   44.484105] systemd[1]: Listening on udev Kernel Socket.
[[0;32m  OK  [0m] Listening on udev Kernel Socket.
[   44.808137] systemd[1]: Started Trigger resolvconf update for networkd DNS.
[[0;32m  OK  [0m] Started Trigger resolvconf update for networkd DNS.
[   44.841292] systemd[1]: Created slice User and Session Slice.
[[0;32m  OK  [0m] Created slice User and Session Slice.
[   45.150824] systemd[1]: Reached target Swap.
[[0;32m  OK  [0m] Reached target Swap.
[   45.316171] systemd[1]: Listening on Journal Socket (/dev/log).
[[0;32m  OK  [0m] Listening on Journal Socket (/dev/log).
[   45.660165] systemd[1]: Listening on udev Control Socket.
[[0;32m  OK  [0m] Listening on udev Control Socket.
[   45.981132] systemd[1]: Listening on Syslog Socket.
[[0;32m  OK  [0m] Listening on Syslog Socket.
[   46.279962] systemd[1]: Listening on Journal Socket.
[[0;32m  OK  [0m] Listening on Journal Socket.
[   46.335101] systemd[1]: Set up automount Arbitrary Executable File Formats File System Automount Point.
[[0;32m  OK  [0m] Set up automount Arbitrary Executab...ats File System Automount Point.
[   46.413012] systemd[1]: Created slice System Slice.
[[0;32m  OK  [0m] Created slice System Slice.
[   46.701072] systemd[1]: Starting Journal Service...
         Starting Journal Service...
[   46.712235] systemd[1]: Mounting POSIX Message Queue File System...
         Mounting POSIX Message Queue File System...
[   46.892580] systemd[1]: Starting Load Kernel Modules...
[   47.011199] Loading iSCSI transport class v2.0-870.
         Starting Load Kernel Modules...
[   47.039936] iscsi: registered transport (tcp)
[   47.052826] systemd[1]: Starting Uncomplicated firewall...
         Starting Uncomplicated firewall...
[   47.256650] systemd[1]: Starting Nameserver information manager...
         Starting Nameserver information manager...
[   47.280653] systemd[1]: Starting Create list of required static device nodes for the current kernel...
         Starting Create list of required st... nodes for the current kernel...
[   47.323634] systemd[1]: Mounting Huge Pages File System...
         Mounting Huge Pages File System...
[   47.519876] systemd[1]: Reached target Slices.
[[0;32m  OK  [0m] Reached target Slices.
[   47.667454] iscsi: registered transport (iser)
[   47.676373] systemd[1]: Created slice system-serial\x2dgetty.slice.
[[0;32m  OK  [0m] Created slice system-serial\x2dgetty.slice.
[   47.878900] systemd[1]: Starting Set console keymap...
         Starting Set console keymap...
[   47.885432] systemd[1]: Listening on LVM2 metadata daemon socket.
[[0;32m  OK  [0m] Listening on LVM2 metadata daemon socket.
[   47.899310] systemd[1]: Mounting Debug File System...
         Mounting Debug File System...
[   47.906283] systemd[1]: Listening on /dev/initctl Compatibility Named Pipe.
[[0;32m  OK  [0m] Listening on /dev/initctl Compatibility Named Pipe.
[   47.941251] systemd[1]: Starting Remount Root and Kernel File Systems...
         Starting Remount Root and Kernel File Systems...
[   47.951511] systemd[1]: Reached target System Time Synchronized.
[[0;32m  OK  [0m] Reached target System Time Synchronized.
[   47.965400] systemd[1]: Started Forward Password Requests to Wall Directory Watch.
[[0;32m  OK  [0m] Started Forward Password Requests to Wall Directory Watch.
[   47.980120] systemd[1]: Reached target User and Group Name Lookups.
[[0;32m  OK  [0m] Reached target User and Group Name Lookups.
[   47.987687] systemd[1]: Listening on Device-mapper event daemon FIFOs.
[[0;32m  OK  [0m] Listening on Device-mapper event daemon FIFOs.
[   48.024911] EXT4-fs (sda1): re-mounted. Opts: (null)
[   48.026120] systemd[1]: Starting Monitoring of LVM2 mirrors, snapshots etc. using dmeventd or progress polling...
         Starting Monitoring of LVM2 mirrors... dmeventd or progress polling...
[   48.074884] systemd[1]: Mounted POSIX Message Queue File System.
[[0;32m  OK  [0m] Mounted POSIX Message Queue File System.
[   48.082173] systemd[1]: Mounted Huge Pages File System.
[[0;32m  OK  [0m] Mounted Huge Pages File System.
[   48.088672] systemd[1]: Mounted Debug File System.
[[0;32m  OK  [0m] Mounted Debug File System.
[   48.095176] systemd[1]: Started Journal Service.
[[0;32m  OK  [0m] Started Journal Service.
[[0;32m  OK  [0m] Started Load Kernel Modules.
[[0;32m  OK  [0m] Started Uncomplicated firewall.
[[0;32m  OK  [0m] Started Create list of required sta...ce nodes for the current kernel.
[[0;32m  OK  [0m] Started Remount Root and Kernel File Systems.
[[0;32m  OK  [0m] Started Nameserver information manager.
[[0;32m  OK  [0m] Started LVM2 metadata daemon.
         Starting Load/Save Random Seed...
         Starting udev Coldplug all Devices...
         Starting Create Static Device Nodes in /dev...
         Mounting FUSE Control File System...
         Starting Apply Kernel Variables...
         Starting Flush Journal to Persistent Storage...
[[0;32m  OK  [0m] Started Load/Save Random Seed.
[[0;32m  OK  [0m] Mounted FUSE Control File System.
[   48.890261] systemd-journald[359]: Received request to flush runtime journal from PID 1
[[0;32m  OK  [0m] Started Apply Kernel Variables.
[[0;32m  OK  [0m] Started Monitoring of LVM2 mirrors,...ng dmeventd or progress polling.
[[0;32m  OK  [0m] Started Set console keymap.
[[0;32m  OK  [0m] Started Create Static Device Nodes in /dev.
[[0;32m  OK  [0m] Started Flush Journal to Persistent Storage.
         Starting udev Kernel Device Manager...
[[0;32m  OK  [0m] Reached target Local File Systems (Pre).
[[0;32m  OK  [0m] Reached target Local File Systems.
         Starting Commit a transient machine-id on disk...
         Starting Set console font and keymap...
         Starting Create Volatile Files and Directories...
         Starting Tell Plymouth To Write Out Runtime Data...
         Starting Initial cloud-init job (pre-networking)...
         Starting LSB: AppArmor initialization...
[[0;32m  OK  [0m] Started Commit a transient machine-id on disk.
[[0;32m  OK  [0m] Started Tell Plymouth To Write Out Runtime Data.
[[0;32m  OK  [0m] Started Create Volatile Files and Directories.
         Starting Update UTMP about System Boot/Shutdown...
[[0;32m  OK  [0m] Started Update UTMP about System Boot/Shutdown.
[[0;32m  OK  [0m] Started udev Coldplug all Devices.
[[0;32m  OK  [0m] Started udev Kernel Device Manager.
[[0;32m  OK  [0m] Started Dispatch Password Requests to Console Directory Watch.
[[0;32m  OK  [0m] Found device /dev/ttyS0.
[[0;32m  OK  [0m] Listening on Load/Save RF Kill Switch Status /dev/rfkill Watch.
[[0;32m  OK  [0m] Started LSB: AppArmor initialization.
[   42.285270] cloud-init[473]: Cloud-init v. 19.1-1-gbaa47854-0ubuntu1~16.04.1 running 'init-local' at Thu, 22 Aug 2019 17:26:25 +0000. Up 40.41 seconds.
[[0;32m  OK  [0m] Started Initial cloud-init job (pre-networking).
[[0;32m  OK  [0m] Started Set console font and keymap.
[[0;32m  OK  [0m] Created slice system-getty.slice.
[[0;32m  OK  [0m] Reached target Network (Pre).
         Starting Raise network interfaces...
[[0;32m  OK  [0m] Started Raise network interfaces.
         Starting Initial cloud-init job (metadata service crawler)...
[[0;32m  OK  [0m] Reached target Network.
[   47.905216] cloud-init[948]: Cloud-init v. 19.1-1-gbaa47854-0ubuntu1~16.04.1 running 'init' at Thu, 22 Aug 2019 17:26:30 +0000. Up 45.33 seconds.
[   47.917339] cloud-init[948]: ci-info: ++++++++++++++++++++++++++++++++++++++Net device info++++++++++++++++++++++++++++++++++++++
[[0;32m  OK  [0m] Started Initial cloud-init job (metadata service crawler).
[   48.101277] cloud-init[948]: ci-info: +--------+------+----------------------------+---------------+--------+-------------------+
[   48.169481] cloud-init[948]: ci-info: | Device |  Up  |          Address           |      Mask     | Scope  |     Hw-Address    |
[   48.174628] cloud-init[948]: ci-info: +--------+------+----------------------------+---------------+--------+-------------------+
[   48.179814] cloud-init[948]: ci-info: | enp0s3 | True |         10.0.2.15          | 255.255.255.0 | global | 02:1e:e5:6d:71:21 |
[[0;32m  OK  [0m] Reached target Cloud-config availability.
[   48.180898] [[0;32m  OK  [0m] Reached target Network is Online.
cloud-init[948]: ci-info: | enp0s3 | True | fe80::1e:e5ff:fe6d:7121/64 |       .       |  link  | 02:1e:e5:6d:71:21 |
[   48.210808] cloud-init[948]: ci-info: |   lo   | True |         127.0.0.1          |   255.0.0.0   |  host  |         .         |
[   48.216060] cloud-init[948]: ci-info: |   lo   | True |          ::1/128           |       .       |  host  |         .         |
[   48.221179] cloud-init[948]: ci-info: +--------+------+----------------------------+---------------+--------+-------------------+
[   48.226154] cloud-init[948]: ci-info: +++++++++++++++++++++++++++Route IPv4 info++++++++++++++++++++++++++++
[   48.240717] cloud-init[948]: ci-info: +-------+-------------+----------+---------------+-----------+-------+
         Starting iSCSI initiator daemon (iscsid)...
[[0;32m  OK  [0m] Reached target System Initialization.
[   48.241343] cloud-init[948]: ci-info: | Route | Destination | Gateway  |    Genmask    | Interface | Flags |
[   48.289965] [[0;32m  OK  [0m] Started ACPI Events Check.
[[0;32m  OK  [0m] Reached target Paths.
cloud-init[948]: ci-info: +-------+-------------+----------+---------------+-----------+-------+
[   48.348576] cloud-init[948]: ci-info: |   0   |   0.0.0.0   | 10.0.2.2 |    0.0.0.0    |   enp0s3  |   UG  |
         Starting Socket activation for snappy daemon.
[   48.357849] cloud-init[[0;32m  OK  [0m] Listening on D-Bus System Message Bus Socket.
[948]: ci-info: |   1   |   10.0.2.0  | 0.0.0.0  | 255.255.255.0 |   enp0s3  |   U   |
[   48.367599] [[0;32m  OK  [0m] Started Daily apt download activities.
cloud-init[948]: ci-info: +-------+-------------+----------+---------------+-----------+-------+[[0;32m  OK  [0m] Started Daily apt upgrade and clean activities.

[   48.375079] cloud-init[948]: ci-info: +++++++++++++++++++Route IPv6 info+++++++++++++++++++
[   48.386552] cloud-init[948]: ci-info: +-------+-------------+---------+-----------+-------+
[   48.452579] cloud-init[948]: ci-info: | Route | Destination | Gateway | Interface | Flags |
         Starting LXD - unix socket.
[[0;32m  OK  [0m] Listening on ACPID Listen Socket.
[   48.456830] cloud-init[948]: ci-info: +-------+-------------+---------+-----------+-------+
[   48.490215] cloud-init[948]: ci-info: |   0   |  fe80::/64  |    ::   |   enp0s3  |   U   |
[   48.556470] cloud-init[948]: ci-info: |   4   |   ff00::/8  |    ::   |   enp0s3  |   U   |
[[0;32m  OK  [0m] Started Daily Cleanup of Temporary Directories.
[   48.625120] cloud-init[948]: ci-info: +-------+-------------+---------+-----------+-------+
[[0;32m  OK  [0m] Reached target Timers.
[   48.627526] cloud-init[948]: Generating public/private rsa key pair.
[[0;32m  OK  [0m[   48.746262] cloud-init[948]: Your identification has been saved in /etc/ssh/ssh_host_rsa_key.
] Listening on UUID daemon activation socket.
[   48.750143] cloud-init[948]: Your public key has been saved in /etc/ssh/ssh_host_rsa_key.pub.
[   48.797318] cloud-init[948]: The key fingerprint is:
[[0;32m  OK  [0m] [   48.799852] cloud-init[948]: SHA256:1vb8nCjc7APPZ/pXO0FVbPtqK7M30302hfOyyHU76z4 root@ubuntu-xenial
Listening on Socket activation for snappy daemon.
[   48.801976] cloud-init[948]: The key's randomart image is:
[[   48.810268] cloud-init[948]: +---[RSA 2048]----+
[0;32m  OK  [0m[   48.812365] cloud-init[948]: |               .o|
] [   48.813870] cloud-init[948]: |                +|
[   48.814250] Listening on LXD - unix socket.cloud-init
[948]: |               .o|
[   48.872688] cloud-init[948]: |         .     o |
[[0;32m  OK  [0m[   48.874508] cloud-init[948]: |        S o   ...|
] Started iSCSI initiator daemon (iscsid).[   48.876655] cloud-init[948]: |       . ..o  o.+|
[   48.878567] 
cloud-init[948]: |         . *o .=B|
[   48.895269] cloud-init[948]: |          o.O*XEO|
[   48.924261] cloud-init[948]: |           oB%X&B|
         Starting Login to default iSCSI targets...
[[0;32m  OK  [0m[   48.932574] cloud-init[948]: +----[SHA256]-----+
[   48.934322] cloud-init[948]: Generating public/private dsa key pair.
] Reached target Sockets.
[[0;32m  OK  [0m] Reached target Basic System.
[   48.944230] cloud-init[948]: Your identification has been saved in /etc/ssh/ssh_host_dsa_key.
[   49.060712] cloud-init[948]: Your public key has been saved in /etc/ssh/ssh_host_dsa_key.pub.
[   49.061140] [cloud-init[0;32m  OK  [0m[948]: ] The key fingerprint is:Started ACPI event daemon.

[   49.061949] cloud-init[948]: SHA256:DheCkOOEAXGMTvN4eWpT/Kgqc1+iKf7ngqlnx20BGoQ root@ubuntu-xenial
[   49.213438] cloud-init[948]: The key's randomart image is:
         Starting LSB: MD monitoring daemon...
[   49.220167] cloud-init[948]: +---[DSA 1024]----+
[   49.260518] cloud-init[948]: |=Bo.             |
         Starting Pollinate to seed the pseudo random number generator...
[   49.261171] cloud-init[948]: |E+*. .           |
[   49.303761] cloud-init[948]: |o++.+ . .        |
[   49.335766] cloud-init[948]: | oo+.+ . .       |
[   49.354833] [cloud-init[0;32m  OK  [0m] Started Regular background program processing daemon.
[948]: |  .o+.+ S        |
[   49.440497] cloud-init[948]: |  .+ ..=         |
[   49.441028] cloud-init[948]: |  +.+....        |
[   49.441384] cloud-init[948]: |+o+=o+o          |
[   49.441683] cloud-init[948]: |=O=+=o           |
[   49.442013] cloud-init[948]: +----[SHA256]-----+
[   49.442257] cloud-init[948]: Generating public/private ecdsa key pair.
[   49.442487] cloud-init[948]: Your identification has been saved in /etc/ssh/ssh_host_ecdsa_key.
[   49.442731] cloud-init[948]: Your public key has been saved in /etc/ssh/ssh_host_ecdsa_key.pub.
[   49.442962] cloud-init[948]: The key fingerprint is:
[   49.443204] cloud-init[948]: SHA256:aMqK3HpMzwACO0JKdVnAtiA9TTi8PUe3tF798FxghXI root@ubuntu-xenial
[   49.443466] cloud-init[948]: The key's randomart image is:
[   49.443694] cloud-init[948]: +---[ECDSA 256]---+
[   49.443937] cloud-init[948]: |  +.=++.       o.|
[   49.444166] cloud-init[948]: |.+ B.= . o  . E  |
[   49.444408] cloud-init[948]: |=.. B o o o .+ . |
[   49.444654] cloud-init[948]: |*. . + o o . o  .|
[   49.444931] cloud-init[948]: |o..   = S .   = .|
[   49.445171] cloud-init[948]: |   + o   .     + |
[   49.445404] cloud-init[948]: |  o *            |
[   49.445637] cloud-init[948]: |...+ o           |
[   49.445877] cloud-init[948]: |.o+.             |
[   49.446108] cloud-init[948]: +----[SHA256]-----+
[   49.446348] cloud-init[948]: Generating public/private ed25519 key pair.
[   49.446579] cloud-init[948]: Your identification has been saved in /etc/ssh/ssh_host_ed25519_key.
[   49.446812] cloud-init[948]: Your public key has been saved in /etc/ssh/ssh_host_ed25519_key.pub.
[   49.447049] cloud-init[948]: The key fingerprint is:
[   49.447281] cloud-init[948]: SHA256:5eO68EFVjCjzFGqySU1LBk5nX6x8xFP0QQnGzl4yLHs root@ubuntu-xenial
[   49.447549] cloud-init[948]: The key's randomart image is:
[   49.447789] cloud-init[948]: +--[ED25519 256]--+
[   49.448020] cloud-init[948]: |    o.* .=.**oo. |
[   49.448259] cloud-init[948]: |   o Bo+o.*oo... |
[   49.448506] cloud-init[948]: |    + =*.oo=  .  |
[   49.448740] cloud-init[948]: |   . =  ++o * .  |
[   49.448985] cloud-init[948]: |    o   S.o+ +   |
[   49.449213] cloud-init[948]: |       . ...E    |
[   49.449456] cloud-init[948]: |      . . ..     |
[   49.449688] cloud-init[948]: |       o o       |
[   49.451237] cloud-init[948]: |        +.       |
[   49.451474] cloud-init[948]: +----[SHA256]-----+
[[0;32m  OK  [0m] Started FUSE filesystem for LXC.
         Starting /etc/rc.local Compatibility...
         Starting Accounts Service...
         Starting LSB: Record successful boot for GRUB...
         Starting Login Service...
         Starting Snappy daemon...
         Starting Virtualbox guest utils...
[[0;32m  OK  [0m] Started Deferred execution scheduler.
         Starting System Logging Service...
         Starting LXD - container startup/shutdown...
[[0;32m  OK  [0m] Started D-Bus System Message Bus.
[[0;32m  OK  [0m] Started System Logging Service.
[[0;32m  OK  [0m] Started /etc/rc.local Compatibility.
[[0;32m  OK  [0m] Started Login to default iSCSI targets.
[[0;32m  OK  [0m] Started LSB: MD monitoring daemon.
[[0;32m  OK  [0m] Started Login Service.
[[0;32m  OK  [0m] Started Unattended Upgrades Shutdown.
         Starting Authenticate and Authorize Users to Run Privileged Tasks...
[[0;32m  OK  [0m] Reached target Remote File Systems (Pre).
[[0;32m  OK  [0m] Reached target Remote File Systems.
         Starting LSB: automatic crash report generation...
         Starting Permit User Sessions...
         Starting LSB: daemon to balance interrupts for SMP systems...
         Starting LSB: Set the CPU Frequency Scaling governor to "ondemand"...
[[0;32m  OK  [0m] Started Pollinate to seed the pseudo random number generator.
[[0;32m  OK  [0m] Started LSB: Record successful boot for GRUB.
[[0;32m  OK  [0m] Started Permit User Sessions.
         Starting Hold until boot process finishes up...
         Starting Terminate Plymouth Boot Screen...
         Starting OpenBSD Secure Shell server...
[[0;32m  OK  [0m] Started LXD - container startup/shutdown.
[[0;32m  OK  [0m] Started LSB: Set the CPU Frequency Scaling governor to "ondemand".
[[0;32m  OK  [0m] Started Hold until boot process finishes up.
[[0;32m  OK  [0m] Started Terminate Plymouth Boot Screen.
[[0;32m  OK  [0m] Started Authenticate and Authorize Users to Run Privileged Tasks.
[[0;32m  OK  [0m] Started Accounts Service.
         Starting Set console scheme...
[[0;32m  OK  [0m] Started Serial Getty on ttyS0.
[[0;32m  OK  [0m] Started Getty on tty1.
[[0;32m  OK  [0m] Reached target Login Prompts.
[[0;32m  OK  [0m] Started OpenBSD Secure Shell server.
[[0;32m  OK  [0m] Started Set console scheme.
[[0;32m  OK  [0m] Started Virtualbox guest utils.
[[0;32m  OK  [0m] Started LSB: daemon to balance interrupts for SMP systems.
[[0;32m  OK  [0m] Started LSB: automatic crash report generation.
[[0;32m  OK  [0m] Started Snappy daemon.
         Starting Wait until snapd is fully seeded...
[[0;32m  OK  [0m] Created slice User Slice of vagrant.
         Starting User Manager for UID 1000...
[[0;32m  OK  [0m] Started Session 1 of user vagrant.
[[0;32m  OK  [0m] Started User Manager for UID 1000.
[[0;32m  OK  [0m] Started Wait until snapd is fully seeded.
         Starting Apply the settings specified in cloud-config...
[[0;32m  OK  [0m] Reached target Multi-User System.
[[0;32m  OK  [0m] Reached target Graphical Interface.
         Starting Update UTMP about System Runlevel Changes...
[[0;32m  OK  [0m] Started Update UTMP about System Runlevel Changes.
[   60.557765] cloud-init[1404]: Generating locales (this might take a while)...

Ubuntu 16.04.6 LTS ubuntu-xenial ttyS0

ubuntu-xenial login: [   63.607799] cloud-init[1404]:   en_US.UTF-8... done
[   63.612359] cloud-init[1404]: Generation complete.
[   65.851446] cloud-init[1404]: Cloud-init v. 19.1-1-gbaa47854-0ubuntu1~16.04.1 running 'modules:config' at Thu, 22 Aug 2019 17:26:44 +0000. Up 59.88 seconds.
ci-info: no authorized ssh keys fingerprints found for user ubuntu.
<14>Aug 22 17:26:52 ec2: 
<14>Aug 22 17:26:52 ec2: #############################################################
<14>Aug 22 17:26:52 ec2: -----BEGIN SSH HOST KEY FINGERPRINTS-----
<14>Aug 22 17:26:52 ec2: 1024 SHA256:DheCkOOEAXGMTvN4eWpT/Kgqc1+iKf7ngqlnx20BGoQ root@ubuntu-xenial (DSA)
<14>Aug 22 17:26:52 ec2: 256 SHA256:aMqK3HpMzwACO0JKdVnAtiA9TTi8PUe3tF798FxghXI root@ubuntu-xenial (ECDSA)
<14>Aug 22 17:26:52 ec2: 256 SHA256:5eO68EFVjCjzFGqySU1LBk5nX6x8xFP0QQnGzl4yLHs root@ubuntu-xenial (ED25519)
<14>Aug 22 17:26:52 ec2: 2048 SHA256:1vb8nCjc7APPZ/pXO0FVbPtqK7M30302hfOyyHU76z4 root@ubuntu-xenial (RSA)
<14>Aug 22 17:26:52 ec2: -----END SSH HOST KEY FINGERPRINTS-----
<14>Aug 22 17:26:52 ec2: #############################################################
-----BEGIN SSH HOST KEY KEYS-----
ecdsa-sha2-nistp256 AAAAE2VjZHNhLXNoYTItbmlzdHAyNTYAAAAIbmlzdHAyNTYAAABBBCIq8p0UN9o7maB4CmQxAZ7RNYIz0Xgbr1O+rw263hCYOEk+7F+492F0Rznvro0RfqFEceBwmOYDgF1ugI6GoRU= root@ubuntu-xenial
ssh-ed25519 AAAAC3NzaC1lZDI1NTE5AAAAIE6qnZWo+IrvsGR2JJn6wY0tkuapJBgsTyYBbDmgT//Q root@ubuntu-xenial
ssh-rsa AAAAB3NzaC1yc2EAAAADAQABAAABAQCwZZCZTfgiPqU9X4mVcSvJSPkw4NY1QgRNrJMYqK6KHmjScXlQxUtKxgXMEpPohOAJVo3aUrGP2OaDf8pA1Jkpl25Z+EPD1Vc2ysOPrg9aC0h6PPcmXIsYpJWhc03cvkh7fG+146wZsp5Nq7laAbmLm1mNVw5Z25SLXx7q/RpJ1xL7S8nYxZrXtiMZIqT3SJzzaX5NtbL93INbRMVJUGTRBuiTSnEq2aEvB9Ti4dEKX+Lma/x7bkL6E0406B7s9bKidGdAYPPvw9p0saqdfjRveBZy4GF9oyaXePiXb4W6jbQ0WhvKbqxdYHAyWcqT/neJUsS7KVPe8N88GcAdbLUr root@ubuntu-xenial
-----END SSH HOST KEY KEYS-----
[   67.712061] cloud-init[1602]: Cloud-init v. 19.1-1-gbaa47854-0ubuntu1~16.04.1 running 'modules:final' at Thu, 22 Aug 2019 17:26:51 +0000. Up 66.96 seconds.
[   67.712793] cloud-init[1602]: ci-info: no authorized ssh keys fingerprints found for user ubuntu.
[   67.713397] cloud-init[1602]: Cloud-init v. 19.1-1-gbaa47854-0ubuntu1~16.04.1 finished at Thu, 22 Aug 2019 17:26:52 +0000. Datasource DataSourceNoCloud [seed=/dev/sdb][dsmode=net].  Up 67.65 seconds
