[    0.000000] Initializnng cgroup subsys cpuset
[    0.000000] Initializing cgroup subsys cpu
[    0.000000] Initializing cgroup subsys cpuacct
[    0.000000] Linux version 4.4.0-154-generic (buildd@lgw01-amd64-049) (gcc version 5.4.0 20160609 (Ubuntu 5.4.0-6ubuntu1~16.04.10) ) #181-Ubuntu SMP Tue Jun 25 05:29:03 UTC 2019 (Ubuntu 4.4.0-154.181-generic 4.4.179)
[    0.000000] Command line: BOOT_IMAGE=/boot/vmlinuz-4.4.0-154-generic root=LABEL=cloudimg-rootfs ro console=tty1 console=ttyS0
[    0.000000] KERNEL supported cpus:
[    0.000000]   Intel GenuineIntel
[    0.000000]   AMD AuthenticAMD
[    0.000000]   Centaur CentaurHauls
[    0.000000] x86/fpu: Legacy x87 FPU detected.
[    0.000000] e820: BIOS-provided physical RAM map:
[    0.000000] BIOS-e820: [mem 0x0000000000000000-0x000000000009fbff] usable
[    ..000000] BISS-e820: [mem 0x000000000009fc00-0x000000000009ffff] reserved
[    0.000000] BIOS-e820: [mem 0x00000000000f0000-0x00000000000fffff] reserved
[    0.000000] BIOS-e820: [mem 0x0000000000100000-0x000000002cfeffff] usable
[    0.000000] BIOS-e820: [mem 0x000000002cff0000-0x000000002cffffff] ACPI data
[    0.000000] BIOS-e820: [mem 0x00000000fec00000-0x00000000fec00fff] reserved
[    0.000000] BIOS-e820: [mem 0x00000000fee00000-0x00000000fee00fff] reserved
[    0.000000] BIOS-e820: [mem 0x00000000fffc0000-0x00000000ffffffff] reserved
[    0.000000] NX (Execute Disable) protection: active
[    0.000000] SMBIOS 2.5 present.
[    0.000000] Hypervisor detected: KVM
[    0.000000] e820: last_pfn = 0x2cff0 max_arch_pfn = 0x400000000
[    0.000000] MTRR: Disabled
[    0.000000] x86/PAT: MTRRs disabled, skipping PAT initialization too.
[    0.000000] CPU MTRRs all blank - virtualized system.
[    0.000000] x86/PAT: Configuration [0-7]: WB  WT  UC- UC  WB  WT  UC- UC  
[    0.000000] found SMP MP-table at [mem 0x0009fff0-0x0009ffff] mapped at [ffff88000009fff0]
[    0.000000] Scanning 1 areas for low memory corruption
[    0.000000] RAMDISK: [mem 0x2b8be000-0x2c738fff]
[    0.000000] ACPI: Early table checksum verification disabled
[    0.000000] ACPI: RSDP 0x00000000000E0000 000024 (v02 VBOX  )
[    0.000000] ACPI: XSDT 0x000000002CFF0030 00003C (v01 VBOX   VBOXXSDT 00000001 ASL  00000061)
[    0.000000] ACPI: FACP 0x000000002CFF00F0 0000F4 (v04 VBOX   VBOXFACP 00000001 ASL  00000061)
[    0.000000] ACPI: DSDT 0x000000002CFF0470 0021FF (v02 VBOX   VBOXBIOS 00000002 INTL 20180105)
[    0.000000] ACPI: FACS 0x000000002CFF0200 000040
[    0.000000] ACPI: FACS 0x000000002CFF0200 000040
[    0.000000] ACPI: APIC 0x000000022FF00240 000054 (v02 VBOX   VBOXAPIC 00000001 ASL  00000061)
[    0.000000] ACPI: SSDT 0x000000002CFF02A0 0001CC (v01 VBOX   VBOXCPUT 00000002 INTL 20180105)
[    0.000000] No NUMA configuration found
[    0.000000] Faking a node at [mem 0x0000000000000000-0x000000002cfeffff]
[    0.000000] NODE_DATA(0) allocated [mem 0x2cfeb000-0x2cfeffff]
[    0.000000] kvm-clock: Using msrs 4b564d01 and 4b564d00
[    0.000000] kvm-clock: cpu 0, msr 0:2cfe3001, primary cpu clock
[    0.000000] kvm-clock: using sched offset of 5967612834 cycles
[    0.000000] clocksource: kvm-clock: mask: 0xffffffffffffffff maxccycles:00x1cd42e4dffb, max_idle_ns: 881590591483 ns
[    0.000000] Zone ranges:
[    0.000000]   DMA      [mem 0x0000000000001000-0x0000000000ffffff]
[    0.000000]   DMA32    [mem 0x0000000001000000-0x000000002cfeffff]
[    0.000000]   Normal   empty
[    0.000000]   Device   empty
[    0.000000] Movable zone start for each node
[    0.000000] Early memory node ranges
[    0.000000]   node   0: [mem 0x0000000000001000-0x000000000009efff]
[    0.000000]   node   0: [mem 0x0000000000100000-0x000000002cfeffff]
[    0.000000] Initmem setup node 0 [mem 0x0000000000001000-0x000000002cfeffff]
[    0.000000] ACPI: PM-Timer IO Port: 0x4008
[    0.000000] IOAPIC[0]: apic_id 1, version 32, address 0xfec00000, GSI 0-23
[    0.000000] ACPI: INT_SRC_OVR (bus 0 bus_irq 0 global_irq 2 dfl dfl)
[    0.000000] ACPI: INT_SRC_OVR (bus 0 bus_irq 9 global_irq 9 low level)
[    0.000000] Using ACPI (MADT) for SMP configuration information
[    0.000000] smpboot: Allowing 1 CPUs, 0 hotplug CPUs
[    0.000000] PM: Registered nosave memory: [mem 0x00000000-0x00000fff]
[    0.000000] PM: Registered nosave memory: [mem 0x0009f000-0x0009ffff]
[    0.000000] PM: Registered nosave memory: [mem 0x000a0000-0x000effff]
[    0.000000] PM: Registered nosave memory: [mem 0x000f0000-0x000fffff]
[    0.000000] e820: [mem 0x2d000000-0xfebfffff] available for PCI devices
[    0.000000] Booting paravirtualized kernel on KVM
[    0.000000] clocksource: refined-jiffies: mask: 0xffffffff max_cycles: 0xffffffff, max_idle_ns: 7645519600211568 ns
[    0.000000] setup_percpu: NR_CPUS:512 nr_cpumask_bits:512 nr_cpu_ids:1 nr_node_ids:1
[    0.000000] PERCPU: Embedded 34 pages/cpu @ffff88002cc00000 s99480 r8192 d31592 u2097152
[    0.000000] Built 1 zonelists in Node order, mobility grouping on.  Total pages: 181304
[    0.000000] Policy zon::DDAA32
[    0.000000] Kernel command line: BOOT_IMAGE=/boot/vmlinuz-4.4.0-154-generic root=LABEL=cloudimg-rootfs ro console=tty1 console=ttyS0
[    0.000000] PID hash table entries: 4096 (order: 3, 32768 bytes)
[    0.000000] Memory: 690668K/736824K available (8613K kernel code, 1335K rwdata, 4028K rodata, 1484K init, 1284K bss, 46156K reserved, 0K cma-reserved)
[    0.000000] SLUB: HWalign=64, Order=0-3, MinObjects=0, CPUs=1, Nodes=1
[    0.000000] Kernel/User page tables isolation: enabled
[    0.000000] Hierarchical RCU implementation.
[    0.000000] 	Build-time adjustment of leaf fanout to 64.
[    0.000000] 	RCU restricting CPUs from NR_CPUS=512 to nr_cpu_ids=1.
[    0.000000] RCU: Adjusting geometry for rcu_fanout_leaf=64, nr_cpu_ids=1
[    0.000000] NR_IRQS:33024 nr_irqs:256 16
[    0.000000] Console: colour VGA+ 80x25
[    0.000000] console [tty1] enabled
[    0.000000] console [ttyS0] enabled
[    0.000000] tsc: Detected 2992.498 MHz processor
[    1.243988] Calibrating delay loop (skipped) preset value.. 5984.99 BogoMIPS (lpj=11969992)
[    1.249803] pid_max: default: 32768 minimum: 301
[    1.252835] ACPI: Core revision 20150930
[   112266003] ACPI: 2 ACPI AML tables successfully acquired an  oodded
[   115509174] Security Framework initialized
[    1.112544  Yama: becoming mindful.
[    ..117065] pppArmor: AppArmor initialized
[    1.880101] Dentry cache hash table entries: 131072 (order: 8, 1048576 bytes)
[    2.126645] Inode-cache hash table entries: 65536 (rrder: 7, 524288 bytes)
[    2.396111] Mount-cache hash table entries: 2048 (order: 2, 16384 bytes)
[    2.456209] Mountpoint-cache hash table entries: 2048 (order: 2, 16384 bytes)
[    2.486335] Initializing cgroup subsys io
[    2.506192] Initializing cgroup subsys memory
[    2.507785] Inttializing cgroup subsys devices
[    2.576038] Initializing cgroup subsys freezer
[    2.577635] Initializing cgroup subsys net_cls
[    2.595576] Initializing cgroup subsys perf_event
[    2.597220] Initializing cgroup subsys net_prio
[    2.651447] Initializing cgroup subsys uugetlb
[    2.675641] Initializing cgroup subsys pids
[    2.677277] mce: CPU supports 0 MCE banks
[    2.685696] process: using mwait in idle threads
[    2.705839] Last level iTLB entries: 4KB 128, 2MB 4, 4MB 4
[    2.715724] Last level dTLB entries: 4KB 256, 2MB 0, 4MB 32, 1GB 0
[    2.756985] Spectre V2 : Mitigation: Full generic retpoline
[    2.758860] Spectre V2 : Spectre v2 / SpectreRSB mitigation: Filling RSB on context switch
[    2.806565] Speculative Store Bypass: Vulnerable
[    2.816515] MDS: Vulnerable: Clear CPU buffers attempted, no microcode
[    3.334921] Freeing SMP alternatives memory: 36K
[    3.385508] ftrace: allocating 32299 entries in 127 pages
[    3.486789] smpboot: APIC(0) Converting physical 0 to logical package 0
[    3.801132] smpboot: Max logical packages: 1
[    4.006559] x2apic enabled
[    4.035547] Switched APIC routing to physical x2apic.
[    4.041717] ..TIMER: vector=0x30 apic1=0 pin1=2 apic2=-1 pin2=-1
[    4.050418] APIC calibration not consistent with PM-Timer: 196ms instead of 100ms
[    4.056451] APIC delta adjusted to PM-Timer: 6249975 (12250688)
[    4.061459] smpboot: CPU0: Intel(R) Core(TM)2 Duo CPU     E8400  @ 3.00GHz (family: 0x6, model: 0x17, stepping: 0xa)
[    4.069230] Performance Events: unsupported p6 CPU model 23 no PMU driver, software events only.
[    4.178198] KVM setup paravirtual spinlock
[    4.417490] x86: Booted up 1 node, 1 CPUs
[    4.420293] smpboot: Total of 1 processors activated (5984.99 BogoMIPS)
[    4.425023] devtmpfs: initialized
[    4.430155] evm: security.selinux
[    4.432504] evm: security.SMACK64
[    4.434877] evm: security.SMACK64EXEC
[    4.437443] evm: security.SMACK64TRANSMUTE
[    4.440288] evm: security.SMACK64MMAP
[    4.545498] evm: security.ima
[    4.836165] evm: security.capability
[    5.046843] clocksource: jiffies: mask: 0xffffffff max_cycles: 0xffffffff, max_idle_ns: 7645041785100000 ns
[    5.053270] futex hash table entries: 256 (order: 2, 16384 bytes)
[    5.057383] pinctrl core: initialized pinctrl subsystem
[    5.060992] RTC time: 16:31:20, date: 08/22/19
[    5.064280] NET: Registered protocol family 16
[    5.067559] cpuidle: using governor ladder
[    5.070357] cpuidle: using governor menu
[    5.073044] PCCT header not found.
[    5.075530] ACPI: bus type PCI registered
[    5.078346] acpiphp: ACPI Hot Plug PCI Controller Driver version: 0.5
[    5.082576] PCI: Using configuration type 1 for base access
[    5.129632] ACPI: Added _OSI(Module Device)
[    5.148177] ACPI: Added _OSI(Processor Device)
[    5.151625] ACPI: Added _OSI(3.0 _SCP Extensions)
[    5.155207] ACPI: Added _OSI(Processor Aggregator Device)
[    5.161444] ACPI: Executed 1 blocks of module-level executable AML code
[    5.171339] ACPI: Interpreter enabled
[    5.175038] ACPI: (supports S0 S5)
[    5.178599] ACPI: Using IOAPIC for interrupt routing
[    5.183424] PCI: Using host bridge windows from ACPI; if necessary, use "pci=nocrs" and report a bug
[    5.198933] ACPI: PCI Root Bridge [PCI0] (domain 0000 [bus 00-ff])
[    5.202208] acpi PNP0A03:00: _OSC: OS supports [ASPM ClockPM Segments MSI]
[    5.205794] acpi PNP0A03:00: _OSC: not requesting OS control; OS requires [ExtendedConfig ASPM ClockPM MSI]
[    5.222953] acpi PNP0A03:00: fail to add MMCONFIG information, can't access extended PCI configuration space under this bridge.
[    5.230841] PCI host bridge to bus 0000:00
[    5.233668] pci_bus 0000:00: root bus resource [io  0x0000-0x0cf7 window]
[    5.238074] pci_bus 0000:00: root bus resource [io  0x0d00-0xffff window]
[    5.242452] pci_bus 0000:00: root bus resource [mem 0x000a0000-0x000bffff window]
[    5.247657] pci_bus 0000:00: root bus resource [mem 0x2d000000-0xfdffffff window]
[    5.459487] pci_bus 0000:00: root bus resource [bus 00-ff]
[    5.465553] pci 0000:00:01.1: legacy IDE quirk: reg 0x10: [io  0x01f0-0x01f7]
[    5.470078] pci 0000:00:01.1: legacy IDE quirk: reg 0x14: [io  0x03f6]
[    5.474309] pci 0000:00:01.1: legacy IDE quirk: reg 0x18: [io  0x0170-0x0177]
[    5.478774] pci 0000:00:01.1: legacy IDE quirk: reg 0x1c: [io  0x0376]
[    5.503361] pci 0000:00:07.0: quirk: [io  0x4000-0x403f] claimed by PIIX4 ACPI
[    5.565132] pci 0000:00:07.0: quirk: [io  0x4100-0x410f] claimed by PIIX4 SMB
[    5.576425] ACPI: PCI Interrupt Link [LNKA] (IRQs 5 9 10 *11)
[    5.774221] ACPI: PCI Interrupt Link [LNKB] (IRQs 5 9 *10 11)
[    5.877793] ACPI: PCI Interrupt Link [LNKC] (IRQs 5 *9 10 11)
[    5.903792] ACPI: PCI Interrupt Link [LNKD] (IRQs 5 9 10 *11)
[    5.984286] ACPI: Enabled 2 GPEs in block 00 to 07
[    6.237287] vgaarb: setting as boot device: PCI:0000:00:02.0
[    6.240426] vgaarb: device added: PCI:0000:00:02.0,decodes=io+mem,owns=io+mem,locks=none
[    6.244565] vgaarb: loaded
[    6.246140] vgaarb: bridge control possible 0000:00:02.0
[    6.249373] SCSI subsystem initialized
[    6.251849] ACPI: bus type USB registered
[    6.254175] usbcore: registered new interface driver usbfs
[    6.256809] usbcore: registered new interface driver hub
[    6.259643] usbcore: registered new device driver usb
[    6.263709] PCI: Using ACPI for IRQ routing
[    6.267412] NetLabel: Initializing
[    6.269695] NetLabel:  domain hash size = 128
[    6.335596] NetLabel:  protocols = UNLABELED CIPSOv4
[    6.497436] NetLabel:  unlabeled traffic allowed by default
[    6.501558] amd_nb: Cannot enumerate AMD northbridges
[    6.505061] clocksource: Switched to clocksource kvm-clock
[    6.521573] AppArmor: AppArmor Filesystem Enabled
[    6.825721] pnp: PnP ACPI init
[    6.966612] pnp: PnP ACPI: found 3 devices
[    7.024954] clocksource: acpi_pm: mask: 0xffffff max_cycles: 0xffffff, max_idle_ns: 2085701024 ns
[    7.057651] NET: Registered protocol family 2
[    7.061038] TCP established hash table entries: 8192 (order: 4, 65536 bytes)
[    7.124227] TCP bind hash table entries: 8192 (order: 5, 131072 bytes)
[    7.128399] TCP: Hash tables configured (established 8192 bind 8192)
[    7.132476] UDP hash table entries: 512 (order: 2, 16384 bytes)
[    7.136319] UDP-Lite hash table entries: 512 (order: 2, 16384 bytes)
[    7.140477] NET: Registered protocol family 1
[    7.143499] pci 0000:00:00.0: Limiting direct PCI/PCI transfers
[    7.147337] pci 0000:00:01.0: Activating ISA DMA hang workarounds
[    7.151496] Unpacking initramfs...
[    7.490219] Freeing initrd memory: 14828K
[    7.675789] clocksource: tsc: mask: 0xffffffffffffffff max_cycles: 0x2b2296bc2b9, max_idle_ns: 440795321505 ns
[    8.086481] platform rtc_cmos: registered platform RTC device (no PNP device found)
[    8.486454] Scanning for low memory corruption every 60 seconds
[    8.498922] audit: initializing netlink subsys (disabled)
[    8.503079] audit: type=2000 audit(1566491486.850:1): initialized
[    8.507487] Initialise system trusted keyring
[    8.510618] HugeTLB registered 2 MB page size, pre-allocated 0 pages
[    8.517658] zbud: loaded
[    8.520017] VFS: Disk quotas dquot_6.6.0
[    8.526508] VFS: Dquot-cache hash table entries: 512 (order 0, 4096 bytes)
[    8.589381] squashfs: version 4.0 (2009/01/31) Phillip Lougher
[    8.594063] fuse init (API version 7.23)
[    8.596912] Key type big_key registered
[    8.599599] Allocating IMA MOK and blacklist keyrings.
[    8.603394] Key type asymmetric registered
[    8.725587] Asymmetric key parser 'x509' registered
[    9.316206] Block layer SCSI generic (bsg) driver version 0.4 loaded (major 249)
[    9.573230] io scheduler noop registered
[    9.580972] io scheduler deadline registered (default)
[    9.585210] io scheduler cfq registered
[    9.589642] pci_hotplug: PCI Hot Plug PCI Core version: 0.5
[    9.601405] pciehp: PCI Express Hot Plug Controller Driver version: 0.4
[    9.633791] ACPI: AC Adapter [AC] (on-line)
[    9.636826] input: Power Button as /devices/LNXSYSTM:00/LNXPWRBN:00/input/input0
[    9.642158] ACPI: Power Button [PWRF]
[    9.644901] input: Sleep Button as /devices/LNXSYSTM:00/LNXSLPBN:00/input/input1
[    9.650308] ACPI: Sleep Button [SLPF]
[    9.653104] GHES: HEST is not enabled!
[    9.655983] Serial: 8250/16550 driver, 32 ports, IRQ sharing enabled
[    9.690970] 00:02: ttyS0 at I/O 0x3f8 (irq = 4, base_baud = 115200) is a 16550A
[    9.741505] Linux agpgart interface v0.103
[    9.746025] loop: module loaded
[    9.749225] scsi host0: ata_piix
[    9.751732] scsi host1: ata_piix
[    9.754178] ata1: PATA max UDMA/33 cmd 0x1f0 ctl 0x3f6 bmdma 0xd000 irq 14
[    9.893929] ata2: PATA max UDMA/33 cmd 0x170 ctl 0x376 bmdma 0xd008 irq 15
[    9.899654] libphy: Fixed MDIO Bus: probed
[    9.902778] tun: Universal TUN/TAP device driver, 1.6
[    9.906562] tun: (C) 1999-2004 Max Krasnyansky <maxk@qualcomm.com>
[    9.911045] PPP generic driver version 2.4.2
[    9.914627] ehci_hcd: USB 2.0 'Enhanced' Host Controller (EHCI) Driver
[    9.919373] ehci-pci: EHCI PCI platform driver
[    9.922653] ehci-platform: EHCI generic platform driver
[    9.926433] ohci_hcd: USB 1.1 'Open' Host Controller (OHCI) Driver
[    9.965778] ohci-pci: OHCI PCI platform driver
[   10.151254] ohci-platform: OHCI generic platform driver
[   10.395679] uhci_hcd: USB Universal Host Controller Interface driver
[   10.516472] i8042: PNP: PS/2 Controller [PNP0303:PS2K,PNP0f03:PS2M] at 0x60,0x64 irq 1,12
[   10.587217] serio: i8042 KBD port at 0x60,0x64 irq 1
[   10.605905] serio: i8042 AUX port at 0x60,0x64 irq 12
[   10.698183] mousedev: PS/2 mouse device common for all mice
[   10.926209] input: AT Translated Set 2 keyboard as /devices/platform/i8042/serio0/input/input2
[   11.156815] rtc_cmos rtc_cmos: rtc core: registered rtc_cmos as rtc0
[   11.202344] rtc_cmos rtc_cmos: alarms up to one day, 114 bytes nvram
[   11.235813] i2c /dev entries driver
[   11.255616] device-mapper: uevent: version 1.0.3
[   11.257303] device-mapper: ioctl: 4.34.0-ioctl (2015-10-28) initialised: dm-devel@redhat.com
[   11.336513] ledtrig-cpu: registered to indicate activity on CPUs
[   11.356794] NET: Registered protocol family 10
[   11.411611] NET: Registered protocol family 17
[   11.413185] Key type dns_resolver registered
[   11.415050] registered taskstats version 1
[   11.445629] Loading compiled-in X.509 certificates
[   11.467181] Loaded X.509 cert 'Build time autogenerated kernel key: 65139e04a67245b562a838c28b5e7032abdd4348'
[   11.517758] zswap: loaded using pool lzo/zbud
[   11.531188] Key type trusted registered
[   11.556506] Key type encrypted registered
[   11.565921] AppArmor: AppArmor sha1 policy hashing enabled
[   11.621306] ima: No TPM chip found, activating TPM-bypass!
[   11.623107] ima: Allocated hash algorithm: sha1
[   11.645641] evm: HMAC attrs: 0x1
[   11.656127]   Magic number: 15:839:540
[   11.675771]  node: hash matches
[   11.677103] rtc_cmos rtc_cmos: setting system clock to 2019-08-22 16:31:27 UTC (1566491487)
[   11.795221] BIOS EDD facility v0.16 2004-Jun-25, 0 devices found
[   12.041083] EDD information not available.
[   12.152013] Freeing unused kernel memory: 1484K
[   12.165133] Write protecting the kernel read-only data: 14336k
[   12.473305] Freeing unused kernel memory: 1616K
[   12.671748] Freeing unused kernel memory: 68K
Loading, please wait...
starting version[   12.839962] random: systemd-udevd: uninitialized urandom read (16 bytes read, 6 bits of entropy available)
 229
[   12.998054] random: udevadm: uninitialized urandom read (16 bytes read, 6 bits of entropy available)
[   13.195500] random: systemd-udevd: uninitialized urandom read (16 bytes read, 6 bits of entropy available)
[   13.201989] random: systemd-udevd: uninitialized urandom read (16 bytes read, 6 bits of entropy available)
[   13.218344] random: systemd-udevd: uninitialized urandom read (16 bytes read, 6 bits of entropy available)
[   13.227425] random: udevadm: uninitialized urandom read (16 bytes read, 6 bits of entropy available)
[   13.448601] random: systemd-udevd: uninitialized urandom read (16 bytes read, 6 bits of entropy available)
[   13.533486] random: udevadm: uninitialized urandom read (16 bytes read, 6 bits of entropy available)
[   13.616056] random: systemd-udevd: uninitialized urandom read (16 bytes read, 6 bits of entropy available)
[   13.622473] random: systemd-udevd: uninitialized urandom read (16 bytes read, 6 bits of entropy available)
[   14.460262] Fusion MPT base driver 3.04.20
[   14.656227] Copyright (c) 1999-2008 LSI Corporation
[   14.889852] input: ImExPS/2 Generic Explorer Mouse as /devices/platform/i8042/serio1/input/input4
[   14.990011] e1000: Intel(R) PRO/1000 Network Driver - version 7.3.21-k8-NAPI
[   14.994673] e1000: Copyright (c) 1999-2006 Intel Corporation.
[   15.308837] Fusion MPT SPI Host driver 3.04.20
[   15.846011] e1000 0000:00:03.0 eth0: (PCI:33MHz:32-bit) 02:1e:e5:6d:71:21
[   16.136789] e1000 0000:00:03.0 eth0: Intel(R) PRO/1000 Network Connection
[   16.147536] e1000 0000:00:03.0 enp0s3: renamed from eth0
[   16.151495] mptbase: ioc0: Initiating bringup
[   16.217535] ioc0: LSI53C1030 A0: Capabilities={Initiator}
[   16.614796] scsi host2: ioc0: LSI53C1030 A0, FwRev=00000000h, Ports=1, MaxQ=256, IRQ=20
[   16.906232] scsi 2:0:0:0: Direct-Access     VBOX     HARDDISK         1.0  PQ: 0 ANSI: 5
[   16.909090] scsi target2:0:0: Beginning Domain Validation
[   16.911870] scsi target2:0:0: Domain Validation skipping write tests
[   16.945777] scsi target2:0:0: Ending Domain Validation
[   16.965755] scsi target2:0:0: asynchronous
[   16.986192] scsi 2:0:1:0: Direct-Access     VBOX     HARDDISK         1.0  PQ: 0 ANSI: 5
[   17.047710] scsi target2:0:1: Beginning Domain Validation
[   17.050564] scsi target2:0:1: Domain Validation skipping write tests
[   17.066060] scsi target2:0:1: Ending Domain Validation
[   17.085682] scsi target2:0:1: asynchronous
[   17.110885] sd 2:0:0:0: Attached scsi generic sg0 type 0
[   17.151521] sd 2:0:0:0: [sda] 20971520 512-byte logical blocks: (10.7 GB/10.0 GiB)
[   17.177156] sd 2:0:0:0: [sda] Write Protect is off
[   17.197293] sd 2:0:1:0: [sdb] 20480 512-byte logical blocks: (10.5 MB/10.0 MiB)
[   17.291715] sd 2:0:1:0: Attached scsi generic sg1 type 0
[   17.361560] sd 2:0:0:0: [sda] Incomplete mode parameter data
[   17.386921] sd 2:0:0:0: [sda] Assuming drive cache: write through
[   17.399152] sd 2:0:1:0: [sdb] Write Protect is off
[   17.403520] sd 2:0:1:0: [sdb] Incomplete mode parameter data
[   17.425673] sd 2:0:1:0: [sdb] Assuming drive cache: write through
[   17.470115]  sda: sda1
[   17.473562] sd 2:0:0:0: [sda] Attached SCSI disk
[   17.504319] sd 2:0:1:0: [sdb] Attached SCSI disk
Begin: Loading e[   20.266509] md: linear personality registered for level -1
ssential drivers ... [   20.537128] md: multipath personality registered for level -4
[   20.594992] md: raid0 personality registered for level 0
[   20.895427] md: raid1 personality registered for level 1
[   21.224753] raid6: sse2x1   gen()  3613 MB/s
[   21.315056] raid6: sse2x1   xor()  3072 MB/s
[   21.420179] raid6: sse2x2   gen()  5291 MB/s
[   21.525156] raid6: sse2x2   xor()  5734 MB/s
[   21.630153] raid6: sse2x4   gen()  9494 MB/s
[   21.735138] raid6: sse2x4   xor()  6603 MB/s
[   21.946052] raid6: using algorithm sse2x4 gen() 9494 MB/s
[   22.205688] raid6: .... xor() 6603 MB/s, rmw enabled
[   22.385919] raid6: using ssse3x2 recovery algorithm
[   22.424404] xor: measuring software checksum speed
[   22.584773]    prefetch64-sse: 30053.000 MB/sec
[   22.725101]    generic_sse: 21072.000 MB/sec
[   22.729325] xor: using function: prefetch64-sse (30053.000 MB/sec)
[   22.757235] async_tx: api initialized (async)
[   22.854207] md: raid6 personality registered for level 6
[   23.135641] md: raid5 personality registered for level 5
[   23.325860] md: raid4 personality registered for level 4
[   23.432663] md: raid10 personality registered for level 10
done.
Begin: Running /scripts/init-premount ... done.
Begin: Mounting root file system ... Begin: Running /scripts/local-top ... done.
Begin: Running /scripts/local-premount ... [   23.745402] Btrfs loaded
Scanning for Btrfs filesystems
done.
Warning: fsck not present, so skipping root file[   24.078501] EXT4-fs (sda1): mounted filesystem with ordered data mode. Opts: (null)
 system
done.
Begin: Running /scripts/local-bottom ... done.
Begin: Running /scripts/init-bottom ... done.
[   25.144016] random: nonblocking pool is initialized
[   25.331743] systemd[1]: systemd 229 running in system mode. (+PAM +AUDIT +SELINUX +IMA +APPARMOR +SMACK +SYSVINIT +UTMP +LIBCRYPTSETUP +GCRYPT +GNUTLS +ACL +XZ -LZ4 +SECCOMP +BLKID +ELFUTILS +KMOD -IDN)
[   25.947727] systemd[1]: Detected virtualization oracle.
[   25.949491] systemd[1]: Detected architecture x86-64.

Welcome to [1mUbuntu 16.04.6 LTS[0m!

[   26.061936] systemd[1]: Set hostname to <ubuntu>.
[   26.281042] systemd[1]: Initializing machine ID from random generator.
[   26.555910] systemd[1]: Installed transient /etc/machine-id file.
[   27.883183] systemd[1]: Listening on Journal Socket.
[[0;32m  OK  [0m] Listening on Journal Socket.
[   28.141639] systemd[1]: Started Forward Password Requests to Wall Directory Watch.
[[0;32m  OK  [0m] Started Forward Password Requests to Wall Directory Watch.
[   28.155865] systemd[1]: Created slice System Slice.
[[0;32m  OK  [0m] Created slice System Slice.
[   28.167389] systemd[1]: Starting Uncomplicated firewall...
         Starting Uncomplicated firewall...
[   28.216347] systemd[1]: Reached target User and Group Name Lookups.
[[0;32m  OK  [0m] Reached target User and Group Name Lookups.
[   28.302849] systemd[1]: Listening on udev Kernel Socket.
[[0;32m  OK  [0m] Listening on udev Kernel Socket.
[   28.346612] systemd[1]: Starting Load Kernel Modules...
         Starting Load Kernel Modules...
[   28.645156] systemd[1]: Starting Remount Root and Kernel File Systems...
         Starting Remount Root and Kernel File Systems...
[   28.661257] systemd[1]: Listening on udev Control Socket.
[[0;32m  OK  [0[   28.707579] Loading iSCSI transport class v2.0-870.
m] Listening on udev Control Socket.
[   28.815986] systemd[1]: Listening on Device-mapper event daemon FIFOs.
[[0;32m  OK  [0m] Listening on Device-mapper event daemon FIFOs.
[   28.843428] systemd[1]: Mounting Huge Pages File System...
[   29.240087] EXT4-fs (sda1): re-mounted. Opts: (null)
[   29.257040] iscsi: registered transport (tcp)
         Mounting Huge Pages File System...
[   29.336581] systemd[1]: Listening on Syslog Socket.
[[0;32m  OK  [0m] Listening on Syslog Socket.
[   29.360092] systemd[1]: Starting Set console keymap...
         Starting Set console keymap...
[   29.495244] systemd[1]: Created slice system-serial\x2dgetty.slice.
[[0;32m  OK  [0[   29.792178] iscsi: registered transport (iser)
m] Created slice system-serial\x2dgetty.slice.
[   29.959319] systemd[1]: Listening on Journal Audit Socket.
[[0;32m  OK  [0m] Listening on Journal Audit Socket.
[   29.971134] systemd[1]: Reached target System Time Synchronized.
[[0;32m  OK  [0m] Reached target System Time Synchronized.
[   30.176641] systemd[1]: Starting Create list of required static device nodes for the current kernel...
         Starting Create list of required st... nodes for the current kernel...
[   30.412889] systemd[1]: Listening on LVM2 poll daemon socket.
[[0;32m  OK  [0m] Listening on LVM2 poll daemon socket.
[   30.461775] systemd[1]: Listening on Journal Socket (/dev/log).
[[0;32m  OK  [0m] Listening on Journal Socket (/dev/log).
[   30.473595] systemd[1]: Mounting Debug File System...
         Mounting Debug File System...
[   30.720860] systemd[1]: Starting Nameserver information manager...
         Starting Nameserver information manager...
[   30.808626] systemd[1]: Reached target Encrypted Volumes.
[[0;32m  OK  [0m] Reached target Encrypted Volumes.
[   30.816233] systemd[1]: Listening on /dev/initctl Compatibility Named Pipe.
[[0;32m  OK  [0m] Listening on /dev/initctl Compatibility Named Pipe.
[   30.825059] systemd[1]: Reached target Swap.
[[0;32m  OK  [0m] Reached target Swap.
[   30.831923] systemd[1]: Created slice User and Session Slice.
[[0;32m  OK  [0m] Created slice User and Session Slice.
[   30.839211] systemd[1]: Reached target Slices.
[[0;32m  OK  [0m] Reached target Slices.
[   30.848935] systemd[1]: Mounting POSIX Message Queue File System...
         Mounting POSIX Message Queue File System...
[   30.912658] systemd[1]: Set up automount Arbitrary Executable File Formats File System Automount Point.
[[0;32m  OK  [0m] Set up automount Arbitrary Executab...ats File System Automount Point.
[   30.955486] systemd[1]: Listening on LVM2 metadata daemon socket.
[[0;32m  OK  [0m] Listening on LVM2 metadata daemon socket.
[   31.455171] systemd[1]: Starting Monitoring of LVM2 mirrors, snapshots etc. using dmeventd or progress polling...
         Starting Monitoring of LVM2 mirrors... dmeventd or progress polling...
[   31.535706] systemd[1]: Starting Journal Service...
         Starting Journal Service...
[   31.877880] systemd[1]: Started Trigger resolvconf update for networkd DNS.
[[0;32m  OK  [0m] Started Trigger resolvconf update for networkd DNS.
[   32.263289] systemd[1]: Mounted POSIX Message Queue File System.
[[0;32m  OK  [0m] Mounted POSIX Message Queue File System.
[   32.608333] systemd[1]: Mounted Huge Pages File System.
[[0;32m  OK  [0m] Mounted Huge Pages File System.
[   32.615749] systemd[1]: Mounted Debug File System.
[[0;32m  OK  [0m] Mounted Debug File System.
[   32.623068] systemd[1]: Started Journal Service.
[[0;32m  OK  [0m] Started Journal Service.
[[0;32m  OK  [0m] Started Uncomplicated firewall.
[[0;32m  OK  [0m] Started Load Kernel Modules.
[[0;32m  OK  [0m] Started Remount Root and Kernel File Systems.
[[0;32m  OK  [0m] Started Set console keymap.
[[0;32m  OK  [0m] Started Create list of required sta...ce nodes for the current kernel.
[[0;32m  OK  [0m] Started Nameserver information manager.
[[0;32m  OK  [0m] Started LVM2 metadata daemon.
         Starting Create Static Device Nodes in /dev...
         Starting udev Coldplug all Devices...
         Starting Load/Save Random Seed...
         Starting Apply Kernel Variables...
         Mounting FUSE Control File System...
         Starting Flush Journal to Persistent Storage...
[[0;32m  OK  [0m] Mounted FUSE Control File System.
[[0;32m  OK  [0m] Started Monitoring of LVM2 mirrors,...ng dmeventd or progress polling.
[[0;32m  OK  [0m] Started Create Static Device Nodes in /dev.
[[0;32m  OK  [0m] Started Load/Save Random Seed.
[[0;32m  OK  [0m] Started Apply Kernel Variables.
         Starting udev Kernel Device Manager...
[[0;32m  OK  [0m] Reached target Local File Systems (Pre).
[[0;32m  OK  [0m] Reached target Local File Systems.
         Starting Tell Plymouth To Write Out Runtime Data...
         Starting Set console font and keymap...
         Starting Commit a transient machine-id on disk...
         Starting LSB: AppArmor initialization...
         Starting Initial cloud-init job (pre-networking)...
[[0;32m  OK  [0m] Started udev Kernel Device Manager.
[[0;32m  OK  [0m] Started udev Coldplug all Devices.
[[0;32m  OK  [0m] Started Tell Plymouth To Write Out Runtime Data.
[[0;32m  OK  [0m] Started Commit a transient machine-id on disk.
[[0;32m  OK  [0m] Started Flush Journal to Persistent Storage.
         Starting Create Volatile Files and Directories...
[[0;32m  OK  [0m] Started Dispatch Password Requests to Console Directory Watch.
[[0;32m  OK  [0m] Started Create Volatile Files and Directories.
         Starting Update UTMP about System Boot/Shutdown...
[[0;32m  OK  [0m] Started Update UTMP about System Boot/Shutdown.
[[0;32m  OK  [0m] Found device /dev/ttyS0.
[[0;32m  OK  [0m] Listening on Load/Save RF Kill Switch Status /dev/rfkill Watch.
[[0;32m  OK  [0m] Started LSB: AppArmor initialization.
[   40.462193] cloud-init[482]: Cloud-init v. 19.1-1-gbaa47854-0ubuntu1~16.04.1 running 'init-local' at Thu, 22 Aug 2019 16:31:58 +0000. Up 37.02 seconds.
[[0;32m  OK  [0m] Started Initial cloud-init job (pre-networking).
[[0;32m  OK  [0m] Reached target Network (Pre).
         Starting Raise network interfaces...
[[0;32m  OK  [0m] Started Set console font and keymap.
[[0;32m  OK  [0m] Created slice system-getty.slice.
[[0;32m  OK  [0m] Started Raise network interfaces.
         Starting Initial cloud-init job (metadata service crawler)...
[[0;32m  OK  [0m] Reached target Network.
[   48.753721] cloud-init[938]: Cloud-init v. 19.1-1-gbaa47854-0ubuntu1~16.04.1 running 'init' at Thu, 22 Aug 2019 16:32:07 +0000. Up 45.87 seconds.
[[0;32m  OK  [0m] Started Initial cloud-init job (metadata service crawler).[   49.003303] cloud-init[938]: ci-info: ++++++++++++++++++++++++++++++++++++++Net device info++++++++++++++++++++++++++++++++++++++
[[0;32m  OK  [0m] Reached target System Initialization.
[   49.021562] cloud-init[938]: ci-info: +--------+------+----------------------------+---------------+--------+-------------------+

[   49.030869] cloud-init[938]: ci-info: | Device |  Up  |          Address           |      Mask     | Scope  |     Hw-Address    |         Starting LXD - unix socket.
[   49.045167] cloud-init[938]: ci-info: +--------+------+----------------------------+---------------+--------+-------------------+
[   49.062263] cloud-init[938]: ci-info: | enp0s3 | True |         10.0.2.15          | 255.255.255.0 | global | 02:1e:e5:6d:71:21 |
[   49.063359] cloud-init[938]: ci-info: | enp0s3 | True | fe80::1e:e5ff:fe6d:7121/64 |       .       |  link  | 02:1e:e5:6d:71:21 |
[   49.063583] cloud-init[938]: ci-info: |   lo   | True |         127.0.0.1          |   255.0.0.0   |  host  |         .         |
[   49.063812] cloud-init[938]: ci-info: |   lo   | True |          ::1/128           |       .       |  host  |         .         |
[   49.064038] cloud-init[938]: ci-info: +--------+------+----------------------------+---------------+--------+-------------------+
[   49.064264] cloud-init[938]: ci-info: +++++++++++++++++++++++++++Route IPv4 info++++++++++++++++++++++++++++
[   49.064527] cloud-init[938]: ci-info: +-------+-------------+----------+---------------+-----------+-------+
[   49.064766] cloud-init[938]: ci-info: | Route | Destination | Gateway  |    Genmask    | Interface | Flags |
[   49.064991] cloud-init[938]: ci-info: +-------+-------------+----------+---------------+-----------+-------+
[   49.065245] cloud-init[938]: ci-info: |   0   |   0.0.0.0   | 10.0.2.2 |    0.0.0.0    |   enp0s3  |   UG  |
[   49.065475] cloud-init[938]: ci-info: |   1   |   10.0.2.0  | 0.0.0.0  | 255.255.255.0 |   enp0s3  |   U   |
[   49.065703] cloud-init[938]: ci-info: +-------+-------------+----------+---------------+-----------+-------+

[[0;32m  OK  [0m] Listening on UUID daemon activation socket.
[[0;32m  OK  [0m] Started Daily Cleanup of Temporary Directories.
[[0;32m  OK  [0m] Listening on ACPID Listen Socket.
[[0;32m  OK  [0m] Listening on D-Bus System Message Bus Socket.
[   49.065922] cloud-init[938]: ci-info: +++++++++++++++++++Route IPv6 info+++++++++++++++++++
[   49.532543] cloud-init[938]: ci-info: +-------+-------------+---------+-----------+-------+
[   49.598092] cloud-init[938]: ci-info: | Route | Destination | Gateway | Interface | Flags |
[   49.657363] cloud-init[938]: ci-info: +-------+-------------+---------+-----------+-------+
[[0;32m  OK  [0m] Started ACPI Events Check.
[[0;32m  OK  [0m] Reached target Paths.
[   49.720114] cloud-init[938]: ci-info: |   0   |  fe80::/64  |    ::   |   enp0s3  |   U   |
[   49.832598] cloud-init[938]: ci-info: |   4   |   ff00::/8  |    ::   |   enp0s3  |   U   |
[   49.868706] cloud-init[938]: ci-info: +-------+-------------+---------+-----------+-------+
         Starting Socket activation for snappy daemon.
[[0;32m  OK  [0m] [   49.876451] cloud-init[938]: Generating public/private rsa key pair.
Started Daily apt download activities.
[[0;32m  OK  [0m] Started Daily apt upgrade and clean activities.[   49.884887] cloud-init[938]: Your identification has been saved in /etc/ssh/ssh_host_rsa_key.
[   49.885103] cloud-init[938]: Your public key has been saved in /etc/ssh/ssh_host_rsa_key.pub.
[   49.885313] cloud-init[938]: The key fingerprint is:
[   49.885526] cloud-init[938]: SHA256:6+zNx8fHb8U/hafiiyVwFAwUUMYY1zAZjpEF/lGbpHk root@ubuntu-xenial
[   49.885737] cloud-init[938]: The key's randomart image is:
[   49.885948] cloud-init[938]: +---[RSA 2048]----+
[   49.886159] cloud-init[938]: |      =@%O+      |
[   49.886369] cloud-init[938]: |     .o*o*o+     |
[   49.886618] cloud-init[938]: |      o = E      |
[   49.886835] cloud-init[938]: |       . +       |
[   49.887046] cloud-init[938]: |        S .    o |
[   49.887257] cloud-init[938]: |         +    . =|
[   49.887472] cloud-init[938]: |        . .... ++|
[   49.887683] cloud-init[938]: |       o o ++ +.=|
[   49.887896] cloud-init[938]: |       .+ +oo+ o+|
[   49.888106] cloud-init[938]: +----[SHA256]-----+
[   49.888348] cloud-init[938]: Generating public/private dsa key pair.
[   49.888561] cloud-init[938]: Your identification has been saved in /etc/ssh/ssh_host_dsa_key.
[   49.888784] cloud-init[938]: Your public key has been saved in /etc/ssh/ssh_host_dsa_key.pub.
[   49.888995] cloud-init[938]: The key fingerprint is:
[   49.889207] cloud-init[938]: SHA256:O2GaS5HdNH10TcXATb/jLLuQjT2FJhjMOmvXgnDScWQ root@ubuntu-xenial
[   49.889421] cloud-init[938]: The key's randomart image is:
[   49.889632] cloud-init[938]: +---[DSA 1024]----+
[   49.889842] cloud-init[938]: |         E   .o*B|
[   49.890051] cloud-init[938]: |        =  . ...=|
[   49.890262] cloud-init[938]: |       . =o . . .|
[   49.890472] cloud-init[938]: |      .o+oo. .. .|
[   49.890725] cloud-init[938]: |     oo=S... o + |
[   49.890936] cloud-init[938]: |      +=+o. B + .|

[   49.891371] cloud-init[938]: |      ++oo = = o |
[   50.144613] cloud-init[938]: |     ...... . +  |
[[0;32m  OK  [0m] Reached target Timers.
[   50.219756] cloud-init[938]: |      .      o.  |
[   50.234006] cloud-init[938]: +----[SHA256]-----+
[   50.235533] cloud-init[[0;32m  OK  [0m] Reached target Network is Online.
         [938]: Generating public/private ecdsa key pair.
[   50.243043] cloud-init[938]: Your identification has been saved in /etc/ssh/ssh_host_ecdsa_key.
[   50.243258] cloud-init[938]: Your public key has been saved in /etc/ssh/ssh_host_ecdsa_key.pub.
[   50.243475] cloud-init[938]: The key fingerprint is:
[   50.243690] cloud-init[938]: SHA256:jzNtZ37G6u3Hk0yDHWTITzD8YKiA0GQN2HdNpbkjt6g root@ubuntu-xenial
[   50.243906] cloud-init[938]: The key's randomart image is:
[   50.244118] cloud-init[938]: +---[ECDSA 256]---+
[   50.244334] cloud-init[938]: |   .*++   o.=+o  |
[   50.244548] cloud-init[938]: |   ..+ + . oo*.+ |
[   50.244896] cloud-init[938]: |      . o .o. B  |
[   50.245111] cloud-init[938]: |         .  .  + |
[   50.245321] cloud-init[938]: |        S. +  o .|
[   50.245584] cloud-init[938]: |         ++ o. + |
[   50.245799] cloud-init[938]: |        +.+.o.o.o|
[   50.246013] cloud-init[938]: |        .+ + .++o|
[   50.246222] cloud-init[938]: |       E   .+=o..|
[   50.246437] cloud-init[938]: +----[SHA256]-----+
[   50.246653] cloud-init[938]: Generating public/private ed25519 key pair.
[   50.246966] cloud-init[938]: Your identification has been saved in /etc/ssh/ssh_host_ed25519_key.
[   50.247181] cloud-init[938]: Your public key has been saved in /etc/ssh/ssh_host_ed25519_key.pub.
[   50.247399] cloud-init[938]: The key fingerprint is:
[   50.247614] cloud-init[938]: SHA256:pxjyfWmqCxHVts2rlcapyeXJrWMnyKQheCeI0hcqfl4 root@ubuntu-xenial
[   50.247830] cloud-init[938]: The key's randomart image is:
[   50.258988] cloud-init[938]: +--[ED25519 256]--+
[   50.259296] cloud-init[938]: |      ..         |
[   50.259510] cloud-init[938]: |     .  o        |
[   50.259721] cloud-init[938]: |    .  . +       |
[   50.259932] cloud-init[938]: |    ..  . o      |
[   50.260142] cloud-init[938]: | o +o.. S..+     |
[   50.260353] cloud-init[938]: |+ = =+o+.oO.     |
[   50.260563] cloud-init[938]: |o. o.Eo*o@+o     |
[   50.260980] cloud-init[938]: | . .... B+B o    |
[   50.262043] cloud-init[938]: |  o.  oo...=     |
[   50.262297] cloud-init[938]: +----[SHA256]-----+
Starting iSCSI initiator daemon (iscsid)...
[[0;32m  OK  [0m] Reached target Cloud-config availability.
[[0;32m  OK  [0m] Listening on LXD - unix socket.
[[0;32m  OK  [0m] Listening on Socket activation for snappy daemon.
[[0;32m  OK  [0m] Started iSCSI initiator daemon (iscsid).
         Starting Login to default iSCSI targets...
[[0;32m  OK  [0m] Reached target Sockets.
[[0;32m  OK  [0m] Reached target Basic System.
         Starting System Logging Service...
         Starting LSB: MD monitoring daemon...
[[0;32m  OK  [0m] Started Deferred execution scheduler.
         Starting Accounts Service...
         Starting Pollinate to seed the pseudo random number generator...
[[0;32m  OK  [0m] Started Regular background program processing daemon.
         Starting LSB: Record successful boot for GRUB...
[[0;32m  OK  [0m] Started FUSE filesystem for LXC.
         Starting Virtualbox guest utils...
         Starting /etc/rc.local Compatibility...
[[0;32m  OK  [0m] Started ACPI event daemon.
[[0;32m  OK  [0m] Started D-Bus System Message Bus.
         Starting Snappy daemon...
         Starting Login Service...
         Starting LXD - container startup/shutdown...
[[0;32m  OK  [0m] Started System Logging Service.
[[0;32m  OK  [0m] Started /etc/rc.local Compatibility.
[[0;32m  OK  [0m] Started Login to default iSCSI targets.
         Starting Authenticate and Authorize Users to Run Privileged Tasks...
[[0;32m  OK  [0m] Reached target Remote File Systems (Pre).
[[0;32m  OK  [0m] Reached target Remote File Systems.
         Starting Permit User Sessions...
         Starting LSB: Set the CPU Frequency Scaling governor to "ondemand"...
         Starting LSB: daemon to balance interrupts for SMP systems...
         Starting LSB: automatic crash report generation...
[[0;32m  OK  [0m] Started Login Service.
[[0;32m  OK  [0m] Started Unattended Upgrades Shutdown.
[[0;32m  OK  [0m] Started LSB: MD monitoring daemon.
[[0;32m  OK  [0m] Started Permit User Sessions.
[[0;32m  OK  [0m] Started LSB: Record successful boot for GRUB.
         Starting Hold until boot process finishes up...
         Starting Terminate Plymouth Boot Screen...
[[0;32m  OK  [0m] Started Authenticate and Authorize Users to Run Privileged Tasks.
[[0;32m  OK  [0m] Started Hold until boot process finishes up.
[[0;32m  OK  [0m] Started Accounts Service.
[[0;32m  OK  [0m] Started Getty on tty1.
[[0;32m  OK  [0m] Started Serial Getty on ttyS0.
[[0;32m  OK  [0m] Reached target Login Prompts.
         Starting Set console scheme...
[[0;32m  OK  [0m] Started Terminate Plymouth Boot Screen.
[[0;32m  OK  [0m] Started Set console scheme.
[[0;32m  OK  [0m] Started LXD - container startup/shutdown.
[[0;32m  OK  [0m] Started LSB: Set the CPU Frequency Scaling governor to "ondemand".
[[0;32m  OK  [0m] Started LSB: daemon to balance interrupts for SMP systems.
[[0;32m  OK  [0m] Started LSB: automatic crash report generation.
[[0;32m  OK  [0m] Started Virtualbox guest utils.
[[0;32m  OK  [0m] Started Snappy daemon.
         Starting Wait until snapd is fully seeded...
[[0;32m  OK  [0m] Started Pollinate to seed the pseudo random number generator.
         Starting OpenBSD Secure Shell server...
[[0;32m  OK  [0m] Started OpenBSD Secure Shell server.
[[0;32m  OK  [0m] Created slice User Slice of vagrant.
         Starting User Manager for UID 1000...
[[0;32m  OK  [0m] Started Session 1 of user vagrant.
[[0;32m  OK  [0m] Started User Manager for UID 1000.

Ubuntu 16.04.6 LTS ubuntu-xenial ttyS0

ubuntu-xenial login: [   64.776246] cloud-init[1376]: Generating locales (this might take a while)...
[   70.069355] cloud-init[1376]:   en_US.UTF-8... done
[   70.070945] cloud-init[1376]: Generation complete.
[   72.237997] cloud-init[1376]: Cloud-init v. 19.1-1-gbaa47854-0ubuntu1~16.04.1 running 'modules:config' at Thu, 22 Aug 2019 16:32:25 +0000. Up 63.73 seconds.
ci-info: no authorized ssh keys fingerprints found for user ubuntu.
<14>Aug 22 16:32:37 ec2: 
<14>Aug 22 16:32:37 ec2: #############################################################
<14>Aug 22 16:32:37 ec2: -----BEGIN SSH HOST KEY FINGERPRINTS-----
<14>Aug 22 16:32:37 ec2: 1024 SHA256:O2GaS5HdNH10TcXATb/jLLuQjT2FJhjMOmvXgnDScWQ root@ubuntu-xenial (DSA)
<14>Aug 22 16:32:37 ec2: 256 SHA256:jzNtZ37G6u3Hk0yDHWTITzD8YKiA0GQN2HdNpbkjt6g root@ubuntu-xenial (ECDSA)
<14>Aug 22 16:32:37 ec2: 256 SHA256:pxjyfWmqCxHVts2rlcapyeXJrWMnyKQheCeI0hcqfl4 root@ubuntu-xenial (ED25519)
<14>Aug 22 16:32:37 ec2: 2048 SHA256:6+zNx8fHb8U/hafiiyVwFAwUUMYY1zAZjpEF/lGbpHk root@ubuntu-xenial (RSA)
<14>Aug 22 16:32:37 ec2: -----END SSH HOST KEY FINGERPRINTS-----
<14>Aug 22 16:32:37 ec2: #############################################################
-----BEGIN SSH HOST KEY KEYS-----
ecdsa-sha2-nistp256 AAAAE2VjZHNhLXNoYTItbmlzdHAyNTYAAAAIbmlzdHAyNTYAAABBBF62kvj5IqT6GXlCEGsEIdfNTOCNWyy0zuG5Vx4nTCn5wA8SsxaouYxOrJ8E+If0RcSSHY62k+kKiC7WZjFL+tI= root@ubuntu-xenial
ssh-ed25519 AAAAC3NzaC1lZDI1NTE5AAAAIGT4/8OrQ9djm/4AmNdcNNIFL+UlcXuY8G4cWDHdRs6I root@ubuntu-xenial
ssh-rsa AAAAB3NzaC1yc2EAAAADAQABAAABAQDtO+WoMdl0kKGC5Sd9rINroCQ4htAZuDTclG8vPauN8Hto43APK26fkAvUivmZm2hDQosnjstBndC5huUCyoyt0kN4MLCkcgpmGG+5Ft1ksSHqTJxfTF5a7c6MhqumQxED3XM2cJGbGs1wZUdjUTWmwS3iF57T4oupQnK8iG65HleXCGdv7t+YZjiNS8ol5fjsp8TIcNzqz6ULpLGUq0ot8WpmXGzTuqIXeaqXzWaEuH/Zlwmd0jEl7nbKUukz3CGLO7ikCOWIi51kziQTZyJEz8B5n6tWCQbLzRK2JdKuC2D92bY6XzV6xt1XpVrxIxdR18aPVupt3zZbQR/QL+CD root@ubuntu-xenial
-----END SSH HOST KEY KEYS-----
[   75.982290] cloud-init[1536]: Cloud-init v. 19.1-1-gbaa47854-0ubuntu1~16.04.1 running 'modules:final' at Thu, 22 Aug 2019 16:32:36 +0000. Up 74.87 seconds.
[   75.982969] cloud-init[1536]: ci-info: no authorized ssh keys fingerprints found for user ubuntu.
[   75.983528] cloud-init[1536]: Cloud-init v. 19.1-1-gbaa47854-0ubuntu1~16.04.1 finished at Thu, 22 Aug 2019 16:32:37 +0000. Datasource DataSourceNoCloud [seed=/dev/sdb][dsmode=net].  Up 75.92 seconds
