[    0.000000] Initializing cgroup subsys cpuset
[    0.000000] Initializing cgroup subsys cpu
[    0.000000] Initializing cgroup subsys cpuacct
[    0.000000] Linux verion 4.4.0-154-generic (buildd@lgw01-amd64-049) (gcc version 5.40 2160609 (Ubuntu 5.4.0-6ubuntu1~16.04.10) ) #181-Ubuntu SMP Tue Jun 25 05:29:03 UTC 2019 (Ubuntu 4.4.0-154.1-generic4..179)
[    0.000000] Command line: BOOT_IMAGE=/boot/vmlinuz-4.4.0-154-generic root=LABEL=cloudimg-rootfs ro console=tty1 console=ttyS0
[    0.000000] KERNEL supported cpus:
[    0.000000]   Intel GenuineIntel
[    0.000000]   AMD AuthenticAMD
[    0.000000]   Centaur CentaurHauls
[    0.000000] x86/fpu: Legacy x87 FPU detected.
[    0.000000] e820: BIOS-provided physical RAM map:
[    0.000000] BIOS-e820: [mem 0x0000000000000000-0x000000000009fbff] usable
[    0.000000] BIOS-e820: [mem 0x000000000009fc00-0x000000000009ffff] reserved
[    0.000000] BIOS-e820: [mem 0x00000000000f0000-0x00000000000fffff] reserved
[    0.000000] BIOS-e820: [mem 0x0000000000100000-0x000000003ffeffff] usable
[    0.000000] BIOS-e820: [mem 0x000000003fff0000-0x000000003fffffff] ACPI data
[    0.000000] BIOS-e820: [mem 0x00000000fec00000-0x00000000fec00fff] rserved
[    0.000000] BIOS-e820: [mem 0x00000000fee00000-0x0000000fee00fff] reserved
[    0.000000] BIOS-e820: [mem 0x00000000fffc0000-0x00000000fffffff]reerved
[    0.000000] NX (Execute Disable) rotction: active
[    0.000000] SMBIOS 2.5 present.
[    0.000000] Hypervisor detected: KVM
[    0.000000] e820: last_pfn = 0x3fff0 max_arch_pfn = 0x400000000
[    0.000000] MTRR: Disabled
[    0.000000] x86/PAT: MTRRs disabled, skipping PAT initialization too.
[    0.000000] CPU MTRRs all blank - virtualized system.
[    0.000000] x86/PAT: Configuration [0-7]: WB  WT  UC- UC  WB  WT  UC- UC  
[    0.000000] found SMP MP-table at [mem 0x0009fff0-0x0009ffff] mapped at [ffff88000009fff0]
[    0.000000] Scanning 1 areas for low memory corruption
[    0.000000] RAMDISK: [mem 0x362fa000-0x37174fff]
[    0.000000] ACPI: Early table checksum verification disabled
[    0.000000] ACPI: RSDP 0x00000000000E0000 000024 (v02 VBOX  )
[    0.000000] ACPI: XSDT 0x000000003FFF0030 00003C (v01 VBOX   VBOXXSDT 00000001 ASL  00000061)
[    0.000000] ACPI: FACP 0x000000003FFF00F0 0000F4 (v04 VBOX   VBOXFACP 00000001 ASL  00000061)
[    0.000000] ACPI: DSDT 0x000000003FFF0470 0021FF (v02 VBOX   VBOXBIOS 00000002 INTL 20180105)
[    0.000000] ACPI: FACS 0x000000003FFF0200 000040
[    0.000000] ACPI: FACS 0x000000003FFF0200 000040
[    .000000 ACI: APIC 0x000000003FFF0240 00005C (v02 VBOX   VBOXAPIC 00000001 ASL  00000061)
[    0.000000] ACPI: SSDT 0x000000003FFF02A0 0001CC (v01 VBOX   VBOXCPUT 00000002 INTL 20180105)
[    0.000000] No NUMA configuration found
[    0.000000] Faking a node at [mem 0x0000000000000000-0x000000003ffeffff]
[    0.000000] NODE_DATA(0) allocated [mem 0x3ffeb000-0x3ffeffff]
[    0.000000] kvm-clock: Using msrs 4b564d01 and 4b564d00
[    0.000000] kvm-clock: cpu 0, msr 0:3ffe3001, primary cpu clock
[    0.000000] kvm-clock: using sched offset of 4972205158 cycles
[    0.000000] clocksource: kvm-clock: mask: 0xffffffffffffffff max_cycles: 0x1cd42e4dffb, max_idle_ns: 881590591483 ns
[    0.000000] Zone ranges:
[    0.000000]   DMA      [mem 0x0000000000001000-000000000fffff]
[    0.000000]   DMA32    [mem 0x0000000001000000-0x000000003ffeffff]
[    0.000000]   Normal   empty
[    0.000000]   Device   empty
[    0.000000] Movable zone start for each node
[    0.000000] Early memory node ranges
[    0.000000]   node   0: [mem 0x0000000000001000-0x000000000009efff]
[    0.000000]   node   0: [mem 0x0000000000100000-0x000000003ffeffff]
[    0.000000] Initmem setup node 0 [mem 0x0000000000001000-0x000000003ffeffff]
[    0.000000] ACPI: PM-Timer IO Port: 0x4008
[    0.000000] IOAPIC[0]: apic_id 2, version 32, address 0xfec00000, GSI 0-23
[    0.000000] ACPI: INT_SRC_OVR (bus 0 bus_irq 0 global_irq 2 dfl dfl)
[    0.000000] ACPI: INT_SRC_OVR (bus 0 bus_irq 9 global_irq 9 low level)
[    0.000000] Using ACPI (MADT) for SMP configuration information
[    0.000000] smpboot: Allowing 2 CPUs, 0 hotplug CPUs
[    0.000000] PM: Registered nosave memory: [mem 0x00000000-0x00000fff]
[    0.000000] PM: Registered nosave memory: [mem 0x0009f000-0x0009ffff]
[    0.000000] PM: Registered nosave memory: [mem 0x000a0000-0x000effff]
[    0.000000] PM: Registered nosave memory: [mem 0x000f0000-0x000fffff]
[    0.000000] e820: [mem 0x40000000-0xfebfffff] available for PCI devices
[    0.000000] Booting paravirtualized kernel on KVM
[    0.000000] clocksource: refined-jiffies: mask: 0xffffffff max_cycles: 0xffffffff, max_idle_ns: 7645519600211568 ns
[    0.000000] setup_percpu: NR_CPUS:512 nr_cpumask_bits:512 nr_cpu_ids:2 nr_node_ids:1
[    0.000000] PERCPU: Embedded 34 pages/cpu @ffff88003fc00000 s99480 r8192 d31592 u1048576
[    0.000000] Built 1 zonelists in Node order, mobility grouping on.  Total pages: 257912
[    0.000000] Policy zone: DMA32
[    0.000000] Kernel command line: BOOT_IMAGE=/boot/vmlinuz-4.4.0-154-generic root=LABEL=cloudimg-rootfs ro console=tty1 console=ttyS0
[    0.000000] PID hash table entries: 4096 (order: 3, 32768 bytes)
[    0.000000] Memory: 997732K/1048120K available (8613K kernel code, 1335K rwdata, 4028K rodata, 1484K init, 1284K bss, 50388K reserved, 0K cma-reserved)
[    0.000000] SLUB: HWalign=64, Order=0-3, MinObjects=0, CPUs=2, Nodes=1
[    0.000000] Kernel/User page tables isolation: enabled
[    0.000000] Hierarchical RCU implementation.
[    0.000000] 	Build-time adjustment of leaf fanout to 64.
[    0.000000] 	RCU restricting CPUs from NR_CPUS=512 to nr_cpu_ids=2.
[    0.000000] RCU: Adjusting geometry for rcu_fanout_leaf=64, nr_cpu_ids=2
[    0.000000] NR_IRQS:33024 nr_irqs:440 16
[    0.000000] Console: colour VGA+ 80x25
[    0.000000] console [tty1] enabled
[    0.000000] console [ttyS0] enabled
[    0.000000] tsc: Detected 2992.498 MHz processor
[    5.304010] Calibrating delay loop (skipped) preset value.. 5984.99 BogoMIPS (lpj=11969992)
[    5.308159] pid_max: default: 32768 minimum: 301
[    5.310375] ACPI: Core revision 20150930
[    5.313624] ACPI: 2 ACPI AML tables successfully acquired and loaded
[    5.316716] Security Framework initialized
[    5.318743] Yama: becoming mindful.
[    5.320621] AppArmor: AppArmor initialized
[    5.322806] Dentry cache hash table entries: 131072 (order: 8, 1048576 bytes)
[    5.326461] Inode-cache hash table entries: 65536 (order: 7, 524288 bytes)
[    5.329764] Mount-cache hash table entries: 2048 (order: 2, 16384 bytes)
[    5.332719] Mountpoint-cache hash table entries: 2048 (order: 2, 16384 bytes)
[    5.336728] Initializing cgroup subsys io
[    5.338733] Initializing cgroup subsys memory
[    5.340861] Initializing cgroup subsys devices
[    5.343005] Initializing cgroup subsys freezer
[    5.345145] Initializing cgroup subsys net_cls
[    5.347284] Initializing cgroup subsys perf_event
[    5.349818] Initializing cgroup subsys net_prio
[    5.352308] Initializing cgroup subsys hugetlb
[    5.354996] Initializing cgroup subsys pids
[    5.357431] mce: CPU supports 0 MCE banks
[    5.359567] Last level iTLB entries: 4KB 128, 2MB 4, 4MB 4
[    5.362483] Last level dTLB entries: 4KB 256, 2MB 0, 4MB 32, 1GB 0
[    5.365331] Spectre V2 : Mitigation: Full generic retpoline
[    5.367236] Spectre V2 : Spectre v2 / SpectreRSB mitigation: Filling RSB on context switch
[    5.370169] Speculative Store Bypass: Vulnerable
[    5.382785] MDS: Vulnerable: Clear CPU buffers attempted, no microcode
[    5.436361] Freeing SMP alternatives memory: 36K
[    5.453746] ftrace: allocating 32299 entries in 127 pages
[    5.525041] smpboot: APIC(0) Converting physical 0 to logical package 0
[    5.570727] smpboot: Max logical packages: 1
[    5.572804] x2apic enabled
[    5.625644] Switched APIC routing to physical x2apic.
[    5.629707] ..TIMER: vector=0x30 apic1=0 pin1=2 apic2=-1 pin2=-1
[    5.738214] smpboot: CPU0: Intel(R) Core(TM)2 Duo CPU     E8400  @ 3.00GHz (family: 0x6, model: 0x17, stepping: 0xa)
[    5.748913] Performance Events: unsupported p6 CPU model 23 no PMU driver, software events only.
[    5.891292] KVM setup paravirtual spinlock
[    5.970572] x86: Booting SMP configuration:
[    5.972043] .... node  #0, CPUs:      #1
[    5.973449] kvm-clock: cpu 1, msr 0:3ffe3041, secondary cpu clock
[    5.983517] mce: CPU supports 0 MCE banks
[    5.987692] x86: Booted up 1 node, 2 CPUs
[    5.990675] smpboot: Total of 2 processors activated (11969.99 BogoMIPS)
[    5.993311] devtmpfs: initialized
[    5.997389] evm: security.selinux
[    5.999787] evm: security.SMACK64
[    6.001133] evm: security.SMACK64EXEC
[    6.002490] evm: security.SMACK64TRANSMUTE
[    6.005209] evm: security.SMACK64MMAP
[    6.006560] evm: security.ima
[    6.007754] evm: security.capability
[    6.010385] clocksource: jiffies: mask: 0xffffffff max_cycles: 0xffffffff, max_idle_ns: 7645041785100000 ns
[    6.013604] futex hash table entries: 512 (order: 3, 32768 bytes)
[    6.092137] pinctrl core: initialized pinctrl subsystem
[    6.173461] RTC time: 17:46:51, date: 08/22/19
[    6.217835] NET: Registered protocol family 16
[    6.229618] cpuidle: using governor ladder
[    6.241697] cpuidle: using governor menu
[    6.244341] PCCT header not found.
[    6.246699] ACPI: bus type PCI registered
[    6.255835] acpiphp: ACPI Hot Plug PCI Controller Driver version: 0.5
[    6.333390] PCI: Using configuration type 1 for base access
[    6.358216] ACPI: Added _OSI(Module Device)
[    6.413243] ACPI: Added _OSI(Processor Device)
[    6.416455] ACPI: Added _OSI(3.0 _SCP Extensions)
[    6.419800] ACPI: Added _OSI(Processor Aggregator Device)
[    6.424722] ACPI: Executed 1 blocks of module-level executable AML code
[    6.432357] ACPI: Interpreter enabled
[    6.435173] ACPI: (supports S0 S5)
[    6.438156] ACPI: Using IOAPIC for interrupt routing
[    6.441920] PCI: Using host bridge windows from ACPI; if necessary, use "pci=nocrs" and report a bug
[    6.453200] ACPI: PCI Root Bridge [PCI0] (domain 0000 [bus 00-ff])
[    6.458848] acpi PNP0A03:00: _OSC: OS supports [ASPM ClockPM Segments MSI]
[    6.463577] acpi PNP0A03:00: _OSC: not requesting OS control; OS requires [ExtendedConfig ASPM ClockPM MSI]
[    6.470754] acpi PNP0A03:00: fail to add MMCONFIG information, can't access extended PCI configuration space under this bridge.
[    6.480130] PCI host bridge to bus 0000:00
[    6.483567] pci_bus 0000:00: root bus resource [io  0x0000-0x0cf7 window]
[    6.487994] pci_bus 0000:00: root bus resource [io  0x0d00-0xffff window]
[    6.490716] pci_bus 0000:00: root bus resource [mem 0x000a0000-0x000bffff window]
[    6.494102] pci_bus 0000:00: root bus resource [mem 0x40000000-0xfdffffff window]
[    6.497490] pci_bus 0000:00: root bus resource [bus 00-ff]
[    6.503551] pci 0000:00:01.1: legacy IDE quirk: reg 0x10: [io  0x01f0-0x01f7]
[    6.508439] pci 0000:00:01.1: legacy IDE quirk: reg 0x14: [io  0x03f6]
[    6.578563] pci 0000:00:01.1: legacy IDE quirk: reg 0x18: [io  0x0170-0x0177]
[    6.681816] pci 0000:00:01.1: legacy IDE quirk: reg 0x1c: [io  0x0376]
[    6.805326] pci 0000:00:07.0: quirk: [io  0x4000-0x403f] claimed by PIIX4 ACPI
[    6.900930] pci 0000:00:07.0: quirk: [io  0x4100-0x410f] claimed by PIIX4 SMB
[    7.004340] ACPI: PCI Interrupt Link [LNKA] (IRQs 5 9 10 *11)
[    7.074592] ACPI: PCI Interrupt Link [LNKB] (IRQs 5 9 *10 11)
[    7.101179] ACPI: PCI Interrupt Link [LNKC] (IRQs 5 *9 10 11)
[    7.118266] ACPI: PCI Interrupt Link [LNKD] (IRQs 5 9 10 *11)
[    7.153039] ACPI: Enabled 2 GPEs in block 00 to 07
[    7.200456] vgaarb: setting as boot device: PCI:0000:00:02.0
[    7.276369] vgaarb: device added: PCI:0000:00:02.0,decodes=io+mem,owns=io+mem,locks=none
[    7.380193] vgaarb: loaded
[    7.418402] vgaarb: bridge control possible 0000:00:02.0
[    7.463661] SCSI subsystem initialized
[    7.524347] ACPI: bus type USB registered
[    7.586070] usbcore: registered new interface driver usbfs
[    7.681102] usbcore: registered new interface driver hub
[    7.752885] usbcore: registered new device driver usb
[    7.816683] PCI: Using ACPI for IRQ routing
[    7.864419] NetLabel: Initializing
[    7.906943] NetLabel:  domain hash size = 128
[    7.962437] NetLabel:  protocols = UNLABELED CIPSOv4
[    8.020561] NetLabel:  unlabeled traffic allowed by default
[    8.098230] amd_nb: Cannot enumerate AMD northbridges
[    8.155533] clocksource: Switched to clocksource kvm-clock
[    8.234861] AppArmor: AppArmor Filesystem Enabled
[    8.27134 pn PP AI it[  8.045 pn PP AI: und3 devices
[    9.055780] clocksource: acpi_pm: mask: 0xffffff max_cycles: 0xffffff, max_idle_ns: 2085701024 ns
[    9.061678] NET: Registered protocol family 2
[    9.064926] TCP established hash table entries: 8192 (order: 4, 65536 bytes)
[    9.069218] TCP bind hash table entries: 8192 (order: 5, 131072 bytes)
[    9.073205] TCP: Hash tables configured (established 8192 bind 8192)
[    9.077158] UDP hash table entries: 512 (order: 2, 16384 bytes)
[    9.459212] UDP-Lite hash table entries: 512 (order: 2, 16384 bytes)
[    9.746009] NET: Registered protocol family 1
[    9.789164] pci 0000:00:00.0: Limiting direct PCI/PCI transfers
[    9.845131] pci 0000:00:01.0: Activating ISA DMA hang workarounds
[    9.848943] Unpacking initramfs...
[   10.107544] Freeing initrd memory: 14828K
[   10.189284] clocksource: tsc: mask: 0xffffffffffffffff max_cycles: 0x2b2296bc2b9, max_idle_ns: 440795321505 ns
[   10.669981] platform rtc_cmos: registered platform RTC device (no PNP device found)
[   10.940901] Scanning for low memory corruption every 60 seconds
[   11.099932] audit: initializing netlink subsys (disabled)
[   11.214627] audit: type=2000 audit(1566496015.272:1): initialized
[   11.449624] Initialise system trusted keyring
[   11.709346] HugeTLB registered 2 MB page size, pre-allocated 0 pages
[   11.891378] zbud: loaded
[   11.893736] VFS: Disk quotas dquot_6.6.0
[   11.896379] VFS: Dquot-cache hash table entries: 512 (order 0, 4096 bytes)
[   11.900822] squashfs: version 4.0 (2009/01/31) Phillip Lougher
[   11.904788] fuse init (API version 7.23)
[   11.907610] Key type big_key registered
[   11.910148] Allocating IMA MOK and blacklist keyrings.
[   11.915528] Key type asymmetric registered
[   11.918292] Asymmetric key parser 'x509' registered
[   11.921460] Block layer SCSI generic (bsg) driver version 0.4 loaded (major 249)
[   11.927522] io scheduler noop registered
[   11.952831] io scheduler deadline registered (default)
[   11.956244] io scheduler cfq registered
[   11.990204] pci_hotplug: PCI Hot Plg CICorveron: .5

[   12.437965] pciehp: PCI Express Hot Plug Controller Driver version: 0.4
[   12.694690]ACP AC Adapter [AC] (on-line)

[   12.828274] input: Power Button as /devices/LNXSYSTM:00/LNXPWRBN:0/input/input0

[   12.899401] ACPI: Power Button [PWRF]
[   12.939464] input: Sleep Button as /devices/LNXSYSTM:00/LNXSLPBN:00/input/input1
[   13.105054] ACPI: Sleep Button [SLPF]
[   13.244657] GHES: HEST is not enabled!
[   13.246184] Serial: 8250/16550 driver, 32 ports, IRQ sharing enabled
[   13.271094] 00:02: ttyS0 at I/O 0x3f8 (irq = 4, base_baud = 115200) is a 16550A
[   13.276486] Linux agpgart interface v0.103
[   13.286392] loop: module loaded
[   13.290023] scsi host0: ata_piix
[   13.292682] scsi host1: ata_piix
[   13.294482] ata1: PATA max UDMA/33 cmd 0x1f0 ctl 0x3f6 bmdma 0xd000 irq 14
[   13.297711] ata2: PATA max UDMA/33 cmd 0x170 ctl 0x376 bmdma 0xd008 irq 15
[   13.302056] libphy: Fixed MDIO Bus: probed
[   13.489190] tun: Universal TUN/TAP device driver, 1.6
[   13.799115] tun: (C) 1999-2004 Max Krasnyansky <maxk@qualcomm.com>
[   13.999262] PPP generic driver version 2.4.2
[   14.000855] ehci_hcd: USB 2.0 'Enhanced' Host Controller (EHCI) Driver
[   14.002824] ehci-pci: EHCI PCI platform driver
[   14.004413] ehci-platform: EHCI generic platform driver
[   14.006094] ohci_hcd: USB 1.1 'Open' Host Controller (OHCI) Driver
[   14.007983] ohci-pci: OHCI PCI platform driver
[   14.009519] ohci-platform: OHCI generic platform driver
[   14.018940] uhci_hcd: USBniers Ho Corolernterface driver
[   14.401303] i8042: PNP: PS/2 Controller [PNP0303:PS2K,PNP0f03:PS2M] at 0x60,0x64 irq 1,12
[   14.406142] serio: i8042 KBD port at 0x60,0x64 irq 1
[   14.408621] serio: i8042 AUX port at 0x60,0x64 irq 12
[   14.411295] mousedev: PS/2 mouse device common for all mice
[   14.414624] input: AT Translated Set 2 keyboard as /devices/platform/i8042/serio0/input/input2
[   14.422234] rtc_cmos rtc_cmos: rtc core: registered rtc_cmos as rtc0
[   14.428307] rtc_cmos rtc_cmos: alarms up to one day, 114 bytes nvram
[   14.433451] i2c /dev entries driver
[   14.436848] device-mapper: uevent: version 1.0.3
[   14.441087] device-mapper: ioctl: 4.34.0-ioctl (2015-10-28) initialised: dm-devel@redhat.com
[   14.448318] ledtrig-cpu: registered to indicate activity on CPUs
[   14.457150] NET: Registered protocol family 10
[   14.525828] NET: Registered protocol family 17
[   14.592476] Key type dns_resolver registered
[   14.646027] registered taskstats version 1
[   14.678130] Loading compiled-in X.509 certificates
[   14.791134] Loaded X.509 cert 'Build time autogenerated kernel key: 65139e04a67245b562a838c28b5e7032abdd4348'
[   15.050833] zswap: loaded using pool lzo/ud

[   15.245091] Key type trusted registered
[   15.349501] Key type encrypted registered
[   15.385922] AppArmor: AppArmor sha1 policy hashing enabled
[   15.424618] ima: No TPM chip found, activating TPM-bypass!
[   15.456839] ima: Allocated hash algorithm: sha1
[   15.484775] evm: HMAC attrs: 0x1
[   15.487880]   Magic number: 15:704:795
[   15.576935] rtc_cmos rtc_cmos: setting system clock to 2019-08-22 17:47:00 UTC (1566496020)
[   15.743101] BIOS EDD facility v0.16 2004-Jun-25, 0 devices found
[   15.808456] EDD information not available.
[   15.837968] Freeing unused kernel memory: 1484K
[   15.863590] Write protecting the kernel read-only data: 14336k
[   15.879369] Freeing unused kernel memory: 1616K
[   15.890062] Freeing unused kernel memory: 68K
Loading, please wait...
starting version 229
[   16.082531] random: systemd-udevd: uninitialized urandom read (16 bytes read, 3 bits of entropy available)
[   16.091858] random: systemd-udevd: uninitialized urandom read (16 bytes read, 3 bits of entropy available)
[   16.093392] random: udevadm: uninitialized urandom read (16 bytes read, 3 bits of entropy available)
[   16.093566] random: udevadm: uninitialized urandom read (16 bytes read, 3 bits of entropy available)
[   16.114878] random: systemd-udevd: uninitialized urandom read (16 bytes read, 3 bits of entropy available)
[   16.123262] random: systemd-udevd: uninitialized urandom read (16 bytes read, 3 bits of entropy available)
[   16.164424] random: systemd-udevd: uninitialized urandom read (16 bytes read, 3 bits of entropy available)
[   16.172054] random: systemd-udevd: uninitialized urandom read (16 bytes read, 3 bits of entropy available)
[   16.181782] random: systemd-udevd: uninitialized urandom read (16 bytes read, 3 bits of entropy available)
[   16.190461] random: udevadm: uninitialized urandom read (16 bytes read, 3 bits of entropy available)
[   16.719588] Fusion MPT base driver 3.04.20
[   16.721302] e1000: Intel(R) PRO/1000 Network Driver - version 7.3.21-k8-NAPI
[   16.721303] e1000: Copyright (c) 1999-2006 Intel Corporation.
[   16.734692] Copyright (c) 1999-2008 LSI Corporation
[   16.799452] Fusion MPT SPI Host driver 3.04.20
[   17.009565] input: ImExPS/2 Generic Explorer Mouse as /devices/platform/i8042/serio1/input/input4
[   17.291762] e1000 0000:00:03.0 eth0: (PCI:33MHz:32-bit) 02:1e:e5:6d:71:21
[   17.295030] e1000 0000:00:03.0 eth0: Intel(R) PRO/1000 Network Connection
[   17.620868] mptbase: ioc0: Initiating bringup
[   17.825774] e1000 0000:00:03.0 enp0s3: renamed from eth0
[   17.888088] ioc0: LSI53C1030 A0: Capabilities={Initiator}
[   18.269460] scsi host2: ioc0: LSI53C1030 A0, FwRev=00000000h, Ports=1, MaxQ=256, IRQ=20
[   18.853017] scsi 2:0:0:0: Direct-Access     VBOX     HARDDISK         1.0  PQ: 0 ANSI: 5
[   18.918773] scsi target2:0:0: Beginning Domain Validation
[   18.924809] scsi target2:0:0: Domain Validation skipping write tests
[   18.930116] scsi target2:0:0: Ending Domain Validation
[   18.934370] scsi target2:0:0: asynchronous
[   18.939886] scsi 2:0:1:0: Direct-Access     VBOX     HARDDISK         1.0  PQ: 0 ANSI: 5
[   18.946920] scsi target2:0:1: Beginning Domain Validation
[   19.230464] scsi target2:0:1: Domain Validation skipping write tests
[   19.869154] scsi target2:0:1: Ending Domain Validation
[   19.963386] scsi target2:0:1: asynchronous
[   19.982491] sd 2:0:0:0: Attached scsi generic sg0 type 0
[   19.988474] sd 2:0:0:0: [sda] 20971520 512-byte logical blocks: (10.7 GB/10.0 GiB)
[   19.992881] sd 2:0:1:0: Attached scsi generic sg1 type 0
[   19.993082] sd 2:0:1:0: [sdb] 20480 512-byte logical blocks: (10.5 MB/10.0 MiB)
[   19.993274] sd 2:0:1:0: [sdb] Write Protect is off
[   19.993435] sd 2:0:1:0: [sdb] Incomplete mode parameter data
[   19.993436] sd 2:0:1:0: [sdb] Assuming drive cache: write through
[   20.033332] sd 2:0:1:0: [sdb] Attached SCSI disk
[   20.048813] sd 2:0:0:0: [sda] Write Protect is off
[   20.146814] sd 2:0:0:0: [sda] Incomplete mode parameter data
[   20.619301] sd 2:0:0:0: [sda] Assuming drive cache: write through
[   20.648474]  sda: sda1
[   20.651717] sd 2:0:0:0: [sda] Attached SCSI disk
Begin: Loading e[   23.062801] md: linear personality registered for level -1
ssential drivers ... [   23.098757] md: multipath personality registered for level -4
[   23.127345] md: raid0 personality registered for level 0
[   23.158867] md: raid1 personality registered for level 1
[   23.258178] raid6: sse2x1   gen()  4891 MB/s
[   23.438156] raid6: sse2x1   xor()  4849 MB/s
[   23.818176] raid6: sse2x2   gen()  5957 MB/s
[   24.148153] raid6: sse2x2   xor()  6276 MB/s
[   24.398162] raid6: sse2x4   gen()  9306 MB/s
[   24.548149] raid6: sse2x4   xor()  6766 MB/s
[   24.819089] raid6: using algorithm sse2x4 gen() 9306 MB/s
[   25.079223] raid6: .... xor() 6766 MB/s, rmw enabled
[   25.319136] raid6: using ssse3x2 recovery algorithm
[   25.575647] xor: measuring software checksum speed
[   25.623552]    prefetch64-sse:  9890.000 MB/sec
[   25.667555]    generic_sse: 10109.000 MB/sec
[   25.757605] xor: using function: generic_sse (10109.000 MB/sec)
[   25.866559] async_tx: api initialized (async)
[   25.912388] md: raid6 personality registered for level 6
[   25.917178] md: raid5 personality registered for level 5
[   25.922228] md: raid4 personality registered for level 4
[   25.980758] md: raid10 personality registered for level 10
done.
Begin: Running /scripts/init-premount ... done.
Begin: Mounting root file system ... Begin: Running /scripts/local-top ... done.
Begin: Running /scripts/local-premount ... [   26.136715] Btrfs loaded
Scanning for Btrfs filesystems
done.
Warning: fsck not present, so skipping root file[   26.460438] EXT4-fs (sda1): mounted filesystem with ordered data mode. Opts: (null)
 system
done.
Begin: Running /scripts/local-bottom ... done.
Begin: Running /scripts/init-bottom ... done.
[   27.346677] random: nonblocking pool is initialized
[   27.871596] systemd[1]: systemd 229 running in system mode. (+PAM +AUDIT +SELINUX +IMA +APPARMOR +SMACK +SYSVINIT +UTMP +LIBCRYPTSETUP +GCRYPT +GNUTLS +ACL +XZ -LZ4 +SECCOMP +BLKID +ELFUTILS +KMOD -IDN)
[   28.199255] systemd[1]: Detected virtualization oracle.
[   28.539320] systemd[1]: Detected architecture x86-64.

Welcome to [1mUbuntu 16.04.6 LTS[0m!

[   28.916328] systemd[1]: Set hostname to <ubuntu>.
[   29.107297] systemd[1]: Initializing machine ID from random generator.
[   29.456014] systemd[1]: Installed transient /etc/machine-id file.
[   30.780146] systemd[1]: Listening on udev Kernel Socket.
[[0;32m  OK  [0m] Listening on udev Kernel Socket.
[   31.084057] systemd[1]: Listening on udev Control Socket.
[[0;32m  OK  [0m] Listening on udev Control Socket.
[   31.144001] systemd[1]: Started Trigger resolvconf update for networkd DNS.
[[0;32m  OK  [0m] Started Trigger resolvconf update for networkd DNS.
[   31.236114] systemd[1]: Listening on Device-mapper event daemon FIFOs.
[[0;32m  OK  [0m] Listening on Device-mapper event daemon FIFOs.
[   31.332136] systemd[1]: Listening on LVM2 poll daemon socket.
[[0;32m  OK  [0m] Listening on LVM2 poll daemon socket.
[   31.443882] systemd[1]: Reached target Encrypted Volumes.
[[0;32m  OK  [0m] Reached target Encrypted Volumes.
[   31.516595] systemd[1]: Set up automount Arbitrary Executable File Formats File System Automount Point.
[[0;32m  OK  [0m] Set up automount Arbitrary Executab...ats File System Automount Point.
[   31.699956] systemd[1]: Reached target User and Group Name Lookups.
[[0;32m  OK  [0m] Reached target User and Group Name Lookups.
[   31.856187] systemd[1]: Listening on Journal Socket.
[[0;32m  OK  [0m] Listening on Journal Socket.
[   32.420079] systemd[1]: Listening on Syslog Socket.
[[0;32m  OK  [0m] Listening on Syslog Socket.
[   32.736096] systemd[1]: Listening on Journal Socket (/dev/log).
[[0;32m  OK  [0m] Listening on Journal Socket (/dev/log).
[   32.833414] systemd[1]: Created slice User and Session Slice.
[[0;32m  OK  [0m] Created slice User and Session Slice.
[   32.924084] systemd[1]: Listening on Journal Audit Socket.
[[0;32m  OK  [0m] Listening on Journal Audit Socket.
[   32.984140] systemd[1]: Started Forward Password Requests to Wall Directory Watch.
[[0;32m  OK  [0m] Started Forward Password Requests to Wall Directory Watch.
[   33.739929] systemd[1]: Reached target Swap.
[[0;32m  OK  [0m] Reached target Swap.
[   33.803988] systemd[1]: Listening on LVM2 metadata daemon socket.
[[0;32m  OK  [0m] Listening on LVM2 metadata daemon socket.
[   33.883998] systemd[1]: Listening on /dev/initctl Compatibility Named Pipe.
[[0;32m  OK  [0m] Listening on /dev/initctl Compatibility Named Pipe.
[   33.980872] systemd[1]: Created slice System Slice.
[[0;32m  OK  [0m] Created slice System Slice.
[   34.532654] systemd[1]: Starting Remount Root and Kernel File Systems...
[   34.580668] EXT4-fs (sda1): re-mounted. Opts: (null)
         Starting Remount Root and Kernel File Systems...
[   35.145202] systemd[1]: Mounting POSIX Message Queue File System...
         Mounting POSIX Message Queue File System...
[   35.488225] systemd[1]: Mounting Debug File System...
         Mounting Debug File System...
[   35.784879] systemd[1]: Created slice system-serial\x2dgetty.slice.
[[0;32m  OK  [0m] Created slice system-serial\x2dgetty.slice.
[   35.836688] systemd[1]: Starting Journal Service...
         Starting Journal Service...
[   35.866402] systemd[1]: Mounting Huge Pages File System...
         Mounting Huge Pages File System...
[   35.888051] systemd[1]: Starting Nameserver information manager...
         Starting Nameserver information manager...
[   35.938762] systemd[1]: Starting Uncomplicated firewall...
         Starting Uncomplicated firewall...
[   36.003231] systemd[1]: Starting Set console keymap...
         Starting Set console keymap...
[   36.216164] systemd[1]: Reached target Slices.
[[0;32m  OK  [0m] Reached target Slices.
[   36.265763] systemd[1]: Starting Monitoring of LVM2 mirrors, snapshots etc. using dmeventd or progress polling...
         Starting Monitoring of LVM2 mirrors... dmeventd or progress polling...
[   36.498658] systemd[1]: Starting Load Kernel Modules...
         Starting Load Kernel Modules...
[   36.538609] systemd[1]: Starting Create list of required static device nodes for the current kernel...
         Starting Create list of required st... nodes for the current kernel...
[   36.568461] systemd[1]: Reached target System Time Synchronized.
[[0;32m  OK  [0m] Reached target System Time Synchronized.
[   36.622578] systemd[1]: Mounted POSIX Message Queue File System.
[[0;32m  OK  [0m] Mounted POSIX Message Queue File System.
[   36.665154] systemd[1]: Mounted Huge Pages File System.
[   36.676470] Loading iSCSI transport class v2.0-870.
[[0;32m  OK  [0m] Mounted Huge Pages File System.
[   36.702118] systemd[1]: Mounted Debug File System.
[[0;32m  OK  [0[   36.724072] iscsi: registered transport (tcp)
m] Mounted Debug File System.
[   37.010366] systemd[1]: Started Journal Service.
[[0;32m  OK  [0m] Started Journal Service.
[[0;32m  OK  [0m] Started Remount Root and Kernel File Systems.
[   37.074658] iscsi: registered transport (iser)
[[0;32m  OK  [0m] Started Uncomplicated firewall.
[[0;32m  OK  [0m] Started Set console keymap.
[[0;32m  OK  [0m] Started Load Kernel Modules.
[[0;32m  OK  [0m] Started Create list of required sta...ce nodes for the current kernel.
[[0;32m  OK  [0m] Started Nameserver information manager.
[[0;32m  OK  [0m] Started LVM2 metadata daemon.
         Starting Create Static Device Nodes in /dev...
         Starting Apply Kernel Variables...
         Mounting FUSE Control File System...
         Starting Load/Save Random Seed...
         Starting udev Coldplug all Devices...
         Starting Flush Journal to Persistent Storage...
[[0;32m  OK  [0m] Mounted FUSE Control File System.
[[0;32m  OK  [0m] Started Create Static Device Nodes in /dev.
[[0;32m  OK  [0m] Started Monitoring of LVM2 mirrors,...ng dmeventd or progress polling.
[[0;32m  OK  [0m] Started Apply Kernel Variables.
[[0;32m  OK  [0m] Started Load/Save Random Seed.
         Starting udev Kernel Device Manager...
[[0;32m  OK  [0m] Reached target Local File Systems (Pre).
[[0;32m  OK  [0m] Reached target Local File Systems.
         Starting Initial cloud-init job (pre-networking)...
         Starting Set console font and keymap...
         Starting LSB: AppArmor initialization...
         Starting Tell Plymouth To Write Out Runtime Data...
         Starting Commit a transient machine-id on disk...
[[0;32m  OK  [0m] Started Flush Journal to Persistent Storage.
[[0;32m  OK  [0m] Started udev Coldplug all Devices.
[[0;32m  OK  [0m] Started Tell Plymouth To Write Out Runtime Data.
[[0;32m  OK  [0m] Started Commit a transient machine-id on disk.
         Starting Create Volatile Files and Directories...
[[0;32m  OK  [0m] Started udev Kernel Device Manager.
[[0;32m  OK  [0m] Started Dispatch Password Requests to Console Directory Watch.
[[0;32m  OK  [0m] Started Create Volatile Files and Directories.
         Starting Update UTMP about System Boot/Shutdown...
[[0;32m  OK  [0m] Started Update UTMP about System Boot/Shutdown.
[[0;32m  OK  [0m] Found device /dev/ttyS0.
[[0;32m  OK  [0m] Listening on Load/Save RF Kill Switch Status /dev/rfkill Watch.
[[0;32m  OK  [0m] Started LSB: AppArmor initialization.
[   37.384696] cloud-init[467]: Cloud-init v. 19.1-1-gbaa47854-0ubuntu1~16.04.1 running 'init-local' at Thu, 22 Aug 2019 17:47:28 +0000. Up 35.86 seconds.
[[0;32m  OK  [0m] Started Initial cloud-init job (pre-networking).
[[0;32m  OK  [0m] Reached target Network (Pre).
         Starting Raise network interfaces...
[[0;32m  OK  [0m] Started Set console font and keymap.
[[0;32m  OK  [0m] Created slice system-getty.slice.
[[0;32m  OK  [0m] Started Raise network interfaces.
         Starting Initial cloud-init job (metadata service crawler)...
[[0;32m  OK  [0m] Reached target Network.
[   43.232288] cloud-init[948]: Cloud-init v. 19.1-1-gbaa47854-0ubuntu1~16.04.1 running 'init' at Thu, 22 Aug 2019 17:47:33 +0000. Up 40.79 seconds.
[   43.239216] cloud-init[948]: ci-info: ++++++++++++++++++++++++++++++++++++++Net device info++++++++++++++++++++++++++++++++++++++
[   43.245359] cloud-init[948]: ci-info: +--------+------+----------------------------+---------------+--------+-------------------+
[   43.253823] cloud-init[948]: ci-info: | Device |  Up  |          Address           |      Mask     | Scope  |     Hw-Address    |
[   43.262466] cloud-init[948]: ci-info: +--------+------+----------------------------+---------------+--------+-------------------+
[   43.271083] cloud-init[948]: ci-info: | enp0s3 | True |         10.0.2.15          | 255.255.255.0 | global | 02:1e:e5:6d:71:21 |
[   43.279965] cloud-init[948]: ci-info: | enp0s3 | True | fe80::1e:e5ff:fe6d:7121/64 |       .       |  link  | 02:1e:e5:6d:71:21 |
[   43.289454] cloud-init[948]: ci-info: |   lo   | True |         127.0.0.1          |   255.0.0.0   |  host  |         .         |
[   43.297820] cloud-init[948]: ci-info: |   lo   | True |          ::1/128           |       .       |  host  |         .         |
[   43.306462] cloud-init[948]: ci-info: +--------+------+----------------------------+---------------+--------+-------------------+
[   43.315418] cloud-init[948]: ci-info: +++++++++++++++++++++++++++Route IPv4 info++++++++++++++++++++++++++++
[   43.322896] cloud-init[948]: ci-info: +-------+-------------+----------+---------------+-----------+-------+
[   43.330606] cloud-init[948]: ci-info: | Route | Destination | Gateway  |    Genmask    | Interface | Flags |
[   43.338618] cloud-init[948]: ci-info: +-------+-------------+----------+---------------+-----------+-------+
[   43.346013] cloud-init[948]: ci-info: |   0   |   0.0.0.0   | 10.0.2.2 |    0.0.0.0    |   enp0s3  |   UG  |
[   43.353563] cloud-init[948]: ci-info: |   1   |   10.0.2.0  | 0.0.0.0  | 255.255.255.0 |   enp0s3  |   U   |
[   43.360983] cloud-init[948]: ci-info: +-------+-------------+----------+---------------+-----------+-------+
[   43.368469] cloud-init[948]: ci-info: +++++++++++++++++++Route IPv6 info+++++++++++++++++++
[   43.375082] cloud-init[948]: ci-info: +-------+-------------+---------+-----------+-------+
[   43.381803] cloud-init[948]: ci-info: | Route | Destination | Gateway | Interface | Flags |
[   43.388668] cloud-init[948]: ci-info: +-------+-------------+---------+-----------+-------+
[   43.395481] cloud-init[948]: ci-info: |   0   |  fe80::/64  |    ::   |   enp0s3  |   U   |
[   43.402569] cloud-init[948]: ci-info: |   4   |   ff00::/8  |    ::   |   enp0s3  |   U   |
[   43.409460] cloud-init[948]: ci-info: +-------+-------------+---------+-----------+-------+[[0;32m  OK  [0m] Started Initial cloud-init job (metadata service crawler).

[   43.452836] cloud-init[948]: Generating public/private rsa key pair.
[   43.453421] cloud-init[948]: Your identification has been saved in /etc/ssh/ssh_host_rsa_key.
[[0;32m  OK  [0m] Reached target Cloud-config availability.
[   43.453727] cloud-init[948]: Your public key has been saved in /etc/ssh/ssh_host_rsa_key.pub.
[[0;32m  OK  [0m] Reached target Network is Online.
[   43.637243] cloud-init[948]: The key fingerprint is:
[   43.685142] cloud-init[948]: SHA256:+eNCl4iS6HA1fyOppqn/J6F3qgWxQGJcjtwmJ4Cblzk root@ubuntu-xenial
         Starting iSCSI initiator daemon (iscsid)...
[   43.685670] cloud-init[948]: The key's randomart image is:
[[0;32m  OK  [0m] Reached target System Initialization.
[   43.797864] cloud-init[948]: +---[RSA 2048]----+
[   43.906908] cloud-init[948]: |=o..             |
[   43.909173] cloud-init[948]: |B.+              |
[   43.911539] cloud-init[948]: |.B.B             |
[   43.928627] cloud-init[948]: |o.Eoo    .       |
[   43.929236] cloud-init[948]: | .o+ + oS. .     |
         Starting LXD - unix socket.
[   43.929541] cloud-init[948]: |. o.+ = =.o      |
[   43.988480] cloud-init[948]: | + ..+ + oo      |
[[   43.990252] cloud-init[948]: |  oo= o .. .     |
[0;32m  OK  [0m] Listening on D-Bus System Message Bus Socket.
[   43.992188] cloud-init[948]: |.o=*o=   ..      |
[   44.092671] cloud-init[948]: +----[SHA256]-----+
[[   44.094300] cloud-init[948]: Generating public/private dsa key pair.
[0;32m  OK  [0m] Started ACPI Events Check.[   44.096917] cloud-init[948]: Your identification has been saved in /etc/ssh/ssh_host_dsa_key.
[   44.099604] 
cloud-init[948]: Your public key has been saved in /etc/ssh/ssh_host_dsa_key.pub.
[[0;32m  OK  [0m] Reached target Paths.
[   44.109626] cloud-init[948]: The key fingerprint is:
[[0;32m  OK  [0m] Listening on UUID daemon activation socket.
[   44.131129] cloud-init[948]: SHA256:1zH34asuOEP/9ljVlgzioHcMB2KRqKDt/tqi/6YDCyI root@ubuntu-xenial
[[0;32m  OK  [0m] Listening on ACPID Listen Socket.
[   44.134633] cloud-init[948]: The key's randomart image is:
[   44.147739] cloud-init[948]: +---[DSA 1024]----+
[   44.147961] cloud-init[948]: |      .+o.       |
[   44.148217] cloud-init[948]: | .   .... .      |
[   44.148430] cloud-init[948]: |... .    o oo... |
[   44.148694] cloud-init[948]: |. ..    . *..++.+|
[   44.148910] cloud-init[948]: | .     .S..+.  +=|
[   44.149134] cloud-init[948]: |E .     .o.    .o|
[   44.149347] cloud-init[948]: |++      . o    o |
[   44.149601] cloud-init[948]: |. +..    + o .+  |
[   44.149823] cloud-init[948]: |.o+O+     o ==.. |
[   44.150032] cloud-init[948]: +----[SHA256]-----+
[   44.150258] cloud-init[948]: Generating public/private ecdsa key pair.
[   44.150469] cloud-init[948]: Your identification has been saved in /etc/ssh/ssh_host_ecdsa_key.
[   44.150682] cloud-init[948]: Your public key has been saved in /etc/ssh/ssh_host_ecdsa_key.pub.
[   44.150900] cloud-init[948]: The key fingerprint is:
[   44.151114] cloud-init[948]: SHA256:2bBkZ2C4nRoCMBrnHdbh9R/1/SsqLMUcKWkqDwku1F8 root@ubuntu-xenial
[   44.151322] cloud-init[948]: The key's randomart image is:
[   44.151542] cloud-init[948]: +---[ECDSA 256]---+
[   44.151751] cloud-init[948]: |+.. o..o+     .  |
[   44.151974] cloud-init[948]: |.=.o ooo o   . ..|
[   44.152222] cloud-init[948]: |. o.. .o=.= .   o|
[[   44.152471] [0;32m  OK  [0m] Started Daily Cleanup of Temporary Directories.
cloud-init[948]: | o .. oEoX . .  .|
[   44.772597] cloud-init[948]: |o . o.+oS o .   .|
         Starting Socket activation for snappy daemon.
[   44.773000] cloud-init[948]: |.. + o.  +      .|
[   44.876754] cloud-init[948]: |.   +   o    . . |
[   44.877115] cloud-init[948]: |     . . o  . .  |
[[0;32m  OK  [0m] Started Daily apt download activities.
[   44.877864] cloud-init[948]: |        . ..     |
[[0;32m  OK  [0m] Started Daily apt upgrade and clean activities.
[   44.889433] cloud-init[948]: +----[SHA256]-----+
[[0;32m  OK  [0m] Reached target Timers.
[   44.921001] cloud-init[948]: Generating public/private ed25519 key pair.
[   44.940569] cloud-init[948]: Your identification has been saved in /etc/ssh/ssh_host_ed25519_key.
[   45.024660] cloud-init[948]: Your public key has been saved in /etc/ssh/ssh_host_ed25519_key.pub.
[   45.026082] cloud-init[948]: The key fingerprint is:
[[0;32m  OK  [0m[   45.029766] cloud-init[948]: SHA256:pvdegm5sxWCpS8QNdowohruYsbbgMrRb5jty2sxdlwc root@ubuntu-xenial
] [   45.033187] cloud-init[948]: The key's randomart image is:
[   45.033596] cloud-initListening on LXD - unix socket.[948]: 
+--[ED25519 256]--+
[   45.035934] cloud-init[948]: | .   . o         |
[   45.040668] cloud-init[948]: |. o . + o        |
[[0;32m  OK  [0m] Listening on Socket activation for snappy daemon.
[   45.041322] cloud-init[948]: | o . o + .       |
[   45.059908] cloud-init[948]: |o     o =        |
[[0;32m  OK  [0m] Started iSCSI initiator daemon (iscsid).
[   45.060574] cloud-init[948]: |.=   . oSE       |
[   45.140704] cloud-init[948]: |*o    oo .=      |
[   45.180955] cloud-init[948]: |= oo ..+o+...    |
[   45.236644] cloud-init[948]: |o=Bo. oo=..o     |
         Starting Login to default iSCSI targets...
[[0;32m  OK  [0m] Reached target Sockets.
[[0;32m  OK  [0m] Reached target Basic System.
[   45.293688] cloud-init[948]: |.+=*o. o..o      |
[   45.576296] cloud-init[948]: +----[SHA256]-----+
         Starting Pollinate to seed the pseudo random number generator...
         Starting Snappy daemon...
[[0;32m  OK  [0m] Started D-Bus System Message Bus.
[[0;32m  OK  [0m] Started ACPI event daemon.
[[0;32m  OK  [0m] Started FUSE filesystem for LXC.
         Starting LXD - container startup/shutdown...
         Starting LSB: Record successful boot for GRUB...
         Starting Accounts Service...
         Starting LSB: MD monitoring daemon...
         Starting /etc/rc.local Compatibility...
[[0;32m  OK  [0m] Started Regular background program processing daemon.
         Starting Login Service...
         Starting Virtualbox guest utils...
         Starting System Logging Service...
[[0;32m  OK  [0m] Started Deferred execution scheduler.
[[0;32m  OK  [0m] Started /etc/rc.local Compatibility.
[[0;32m  OK  [0m] Started Login Service.
[[0;32m  OK  [0m] Started Unattended Upgrades Shutdown.
[[0;32m  OK  [0m] Started LSB: Record successful boot for GRUB.
[[0;32m  OK  [0m] Started Login to default iSCSI targets.
[[0;32m  OK  [0m] Reached target Remote File Systems (Pre).
[[0;32m  OK  [0m] Reached target Remote File Systems.
         Starting LSB: daemon to balance interrupts for SMP systems...
         Starting LSB: automatic crash report generation...
         Starting Permit User Sessions...
         Starting LSB: Set the CPU Frequency Scaling governor to "ondemand"...
[[0;32m  OK  [0m] Started System Logging Service.
[[0;32m  OK  [0m] Started LSB: MD monitoring daemon.
[[0;32m  OK  [0m] Started Permit User Sessions.
         Starting Terminate Plymouth Boot Screen...
         Starting Hold until boot process finishes up...
         Starting Authenticate and Authorize Users to Run Privileged Tasks...
[[0;32m  OK  [0m] Started Terminate Plymouth Boot Screen.
[[0;32m  OK  [0m] Started Hold until boot process finishes up.
[[0;32m  OK  [0m] Started LSB: daemon to balance interrupts for SMP systems.
[[0;32m  OK  [0m] Started Serial Getty on ttyS0.
[[0;32m  OK  [0m] Started Getty on tty1.
[[0;32m  OK  [0m] Reached target Login Prompts.
         Starting Set console scheme...
[[0;32m  OK  [0m] Started LSB: Set the CPU Frequency Scaling governor to "ondemand".
[[0;32m  OK  [0m] Started LSB: automatic crash report generation.
[[0;32m  OK  [0m] Started Set console scheme.
[[0;32m  OK  [0m] Started Authenticate and Authorize Users to Run Privileged Tasks.
[[0;32m  OK  [0m] Started Virtualbox guest utils.
[[0;32m  OK  [0m] Started Accounts Service.
[[0;32m  OK  [0m] Started Snappy daemon.
[[0;32m  OK  [0m] Started LXD - container startup/shutdown.
         Starting Wait until snapd is fully seeded...
[[0;32m  OK  [0m] Started Pollinate to seed the pseudo random number generator.
         Starting OpenBSD Secure Shell server...
[[0;32m  OK  [0m] Started OpenBSD Secure Shell server.
[[0;32m  OK  [0m] Started Wait until snapd is fully seeded.
         Starting Apply the settings specified in cloud-config...
[[0;32m  OK  [0m] Reached target Multi-User System.
[[0;32m  OK  [0m] Reached target Graphical Interface.
         Starting Update UTMP about System Runlevel Changes...
[[0;32m  OK  [0m] Started Update UTMP about System Runlevel Changes.
[   53.612304] cloud-init[1315]: Generating locales (this might take a while)...

Ubuntu 16.04.6 LTS ubuntu-xenial ttyS0

ubuntu-xenial login: [   56.026004] cloud-init[1315]:   en_US.UTF-8... done
[   56.030009] cloud-init[1315]: Generation complete.
[   57.372155] cloud-init[1315]: Cloud-init v. 19.1-1-gbaa47854-0ubuntu1~16.04.1 running 'modules:config' at Thu, 22 Aug 2019 17:47:45 +0000. Up 53.12 seconds.
ci-info: no authorized ssh keys fingerprints found for user ubuntu.
<14>Aug 22 17:47:51 ec2: 
<14>Aug 22 17:47:51 ec2: #############################################################
<14>Aug 22 17:47:51 ec2: -----BEGIN SSH HOST KEY FINGERPRINTS-----
<14>Aug 22 17:47:51 ec2: 1024 SHA256:1zH34asuOEP/9ljVlgzioHcMB2KRqKDt/tqi/6YDCyI root@ubuntu-xenial (DSA)
<14>Aug 22 17:47:51 ec2: 256 SHA256:2bBkZ2C4nRoCMBrnHdbh9R/1/SsqLMUcKWkqDwku1F8 root@ubuntu-xenial (ECDSA)
<14>Aug 22 17:47:51 ec2: 256 SHA256:pvdegm5sxWCpS8QNdowohruYsbbgMrRb5jty2sxdlwc root@ubuntu-xenial (ED25519)
<14>Aug 22 17:47:51 ec2: 2048 SHA256:+eNCl4iS6HA1fyOppqn/J6F3qgWxQGJcjtwmJ4Cblzk root@ubuntu-xenial (RSA)
<14>Aug 22 17:47:51 ec2: -----END SSH HOST KEY FINGERPRINTS-----
<14>Aug 22 17:47:51 ec2: #############################################################
-----BEGIN SSH HOST KEY KEYS-----
ecdsa-sha2-nistp256 AAAAE2VjZHNhLXNoYTItbmlzdHAyNTYAAAAIbmlzdHAyNTYAAABBBNoTttPF7RRLrhgnRJGCLq7WuaMVCuav878npcY+iRpXcYDdFRerdWjfgdd4SK8q7vUgAUg7D5zSaYq+ACd00hA= root@ubuntu-xenial
ssh-ed25519 AAAAC3NzaC1lZDI1NTE5AAAAILTVl3Iyh1Soic7Z4ds5z8VggPiPywpgjq8GuWO2IFjn root@ubuntu-xenial
ssh-rsa AAAAB3NzaC1yc2EAAAADAQABAAABAQDIWklSaBWvlbptkuxDJ7dqd/8ZPErQGRs0PysaelxXijAD2psgx0xMd6JDBd0AHdwc/ZGcjKArdY21Vb9WrephyujqR1Jn70Bua0Xx0Hg1cOkvsHSdtZARDi6CSK/r5FwFqniKnVK4MB5jjUewO+5IbYbHbijxs/dZEMuH75t+lNKyqxomJOddxmYxwV/mXZ+Atgt9qn5tzIAjOtFAq0Uu2hF2HP7rCi//tuLqmUg6ZlWCeX5cWTLNIFI4300SZot+6OSnEmmd1nRbyLptIjTyFrV933hj/jr+hYBWdqigMQGXsYgR2JzKIZnuQO2OELsMHbZLqY2+l6egEYSDXV+3 root@ubuntu-xenial
-----END SSH HOST KEY KEYS-----
[   58.779317] cloud-init[1365]: Cloud-init v. 19.1-1-gbaa47854-0ubuntu1~16.04.1 running 'modules:final' at Thu, 22 Aug 2019 17:47:50 +0000. Up 58.26 seconds.
[   58.780104] cloud-init[1365]: ci-info: no authorized ssh keys fingerprints found for user ubuntu.
[   58.780712] cloud-init[1365]: Cloud-init v. 19.1-1-gbaa47854-0ubuntu1~16.04.1 finished at Thu, 22 Aug 2019 17:47:51 +0000. Datasource DataSourceNoCloud [seed=/dev/sdb][dsmode=net].  Up 58.74 seconds
